Component: ARM Compiler 5.06 update 6 (build 750) Tool: armlink [4d35ed]

==============================================================================

Section Cross References

    stm32f10x_adc.o(i.ADC_DeInit) refers to stm32f10x_rcc.o(i.RCC_APB2PeriphResetCmd) for RCC_APB2PeriphResetCmd
    stm32f10x_flash.o(i.FLASH_EnableWriteProtection) refers to stm32f10x_flash.o(i.FLASH_WaitForLastOperation) for FLASH_WaitForLastOperation
    stm32f10x_flash.o(i.FLASH_EraseAllBank1Pages) refers to stm32f10x_flash.o(i.FLASH_WaitForLastBank1Operation) for FLASH_WaitForLastBank1Operation
    stm32f10x_flash.o(i.FLASH_EraseAllPages) refers to stm32f10x_flash.o(i.FLASH_WaitForLastOperation) for FLASH_WaitForLastOperation
    stm32f10x_flash.o(i.FLASH_EraseOptionBytes) refers to stm32f10x_flash.o(i.FLASH_GetReadOutProtectionStatus) for FLASH_GetReadOutProtectionStatus
    stm32f10x_flash.o(i.FLASH_EraseOptionBytes) refers to stm32f10x_flash.o(i.FLASH_WaitForLastOperation) for FLASH_WaitForLastOperation
    stm32f10x_flash.o(i.FLASH_ErasePage) refers to stm32f10x_flash.o(i.FLASH_WaitForLastOperation) for FLASH_WaitForLastOperation
    stm32f10x_flash.o(i.FLASH_ProgramHalfWord) refers to stm32f10x_flash.o(i.FLASH_WaitForLastOperation) for FLASH_WaitForLastOperation
    stm32f10x_flash.o(i.FLASH_ProgramOptionByteData) refers to stm32f10x_flash.o(i.FLASH_WaitForLastOperation) for FLASH_WaitForLastOperation
    stm32f10x_flash.o(i.FLASH_ProgramWord) refers to stm32f10x_flash.o(i.FLASH_WaitForLastOperation) for FLASH_WaitForLastOperation
    stm32f10x_flash.o(i.FLASH_ReadOutProtection) refers to stm32f10x_flash.o(i.FLASH_WaitForLastOperation) for FLASH_WaitForLastOperation
    stm32f10x_flash.o(i.FLASH_UserOptionByteConfig) refers to stm32f10x_flash.o(i.FLASH_WaitForLastOperation) for FLASH_WaitForLastOperation
    stm32f10x_flash.o(i.FLASH_WaitForLastBank1Operation) refers to stm32f10x_flash.o(i.FLASH_GetBank1Status) for FLASH_GetBank1Status
    stm32f10x_flash.o(i.FLASH_WaitForLastOperation) refers to stm32f10x_flash.o(i.FLASH_GetBank1Status) for FLASH_GetBank1Status
    stm32f10x_gpio.o(i.GPIO_AFIODeInit) refers to stm32f10x_rcc.o(i.RCC_APB2PeriphResetCmd) for RCC_APB2PeriphResetCmd
    stm32f10x_gpio.o(i.GPIO_DeInit) refers to stm32f10x_rcc.o(i.RCC_APB2PeriphResetCmd) for RCC_APB2PeriphResetCmd
    stm32f10x_i2c.o(i.I2C_DeInit) refers to stm32f10x_rcc.o(i.RCC_APB1PeriphResetCmd) for RCC_APB1PeriphResetCmd
    stm32f10x_i2c.o(i.I2C_Init) refers to stm32f10x_rcc.o(i.RCC_GetClocksFreq) for RCC_GetClocksFreq
    stm32f10x_rcc.o(i.RCC_GetClocksFreq) refers to stm32f10x_rcc.o(.data) for APBAHBPrescTable
    stm32f10x_rcc.o(i.RCC_WaitForHSEStartUp) refers to stm32f10x_rcc.o(i.RCC_GetFlagStatus) for RCC_GetFlagStatus
    stm32f10x_rtc.o(i.RTC_SetAlarm) refers to stm32f10x_rtc.o(i.RTC_EnterConfigMode) for RTC_EnterConfigMode
    stm32f10x_rtc.o(i.RTC_SetAlarm) refers to stm32f10x_rtc.o(i.RTC_ExitConfigMode) for RTC_ExitConfigMode
    stm32f10x_rtc.o(i.RTC_SetCounter) refers to stm32f10x_rtc.o(i.RTC_EnterConfigMode) for RTC_EnterConfigMode
    stm32f10x_rtc.o(i.RTC_SetCounter) refers to stm32f10x_rtc.o(i.RTC_ExitConfigMode) for RTC_ExitConfigMode
    stm32f10x_rtc.o(i.RTC_SetPrescaler) refers to stm32f10x_rtc.o(i.RTC_EnterConfigMode) for RTC_EnterConfigMode
    stm32f10x_rtc.o(i.RTC_SetPrescaler) refers to stm32f10x_rtc.o(i.RTC_ExitConfigMode) for RTC_ExitConfigMode
    stm32f10x_spi.o(i.I2S_Init) refers to stm32f10x_rcc.o(i.RCC_GetClocksFreq) for RCC_GetClocksFreq
    stm32f10x_spi.o(i.SPI_I2S_DeInit) refers to stm32f10x_rcc.o(i.RCC_APB2PeriphResetCmd) for RCC_APB2PeriphResetCmd
    stm32f10x_spi.o(i.SPI_I2S_DeInit) refers to stm32f10x_rcc.o(i.RCC_APB1PeriphResetCmd) for RCC_APB1PeriphResetCmd
    stm32f10x_tim.o(i.TIM_DeInit) refers to stm32f10x_rcc.o(i.RCC_APB2PeriphResetCmd) for RCC_APB2PeriphResetCmd
    stm32f10x_tim.o(i.TIM_DeInit) refers to stm32f10x_rcc.o(i.RCC_APB1PeriphResetCmd) for RCC_APB1PeriphResetCmd
    stm32f10x_tim.o(i.TIM_ETRClockMode1Config) refers to stm32f10x_tim.o(i.TIM_ETRConfig) for TIM_ETRConfig
    stm32f10x_tim.o(i.TIM_ETRClockMode2Config) refers to stm32f10x_tim.o(i.TIM_ETRConfig) for TIM_ETRConfig
    stm32f10x_tim.o(i.TIM_ICInit) refers to stm32f10x_tim.o(i.TI1_Config) for TI1_Config
    stm32f10x_tim.o(i.TIM_ICInit) refers to stm32f10x_tim.o(i.TIM_SetIC1Prescaler) for TIM_SetIC1Prescaler
    stm32f10x_tim.o(i.TIM_ICInit) refers to stm32f10x_tim.o(i.TI2_Config) for TI2_Config
    stm32f10x_tim.o(i.TIM_ICInit) refers to stm32f10x_tim.o(i.TIM_SetIC2Prescaler) for TIM_SetIC2Prescaler
    stm32f10x_tim.o(i.TIM_ICInit) refers to stm32f10x_tim.o(i.TI3_Config) for TI3_Config
    stm32f10x_tim.o(i.TIM_ICInit) refers to stm32f10x_tim.o(i.TIM_SetIC3Prescaler) for TIM_SetIC3Prescaler
    stm32f10x_tim.o(i.TIM_ICInit) refers to stm32f10x_tim.o(i.TI4_Config) for TI4_Config
    stm32f10x_tim.o(i.TIM_ICInit) refers to stm32f10x_tim.o(i.TIM_SetIC4Prescaler) for TIM_SetIC4Prescaler
[...]
    i.__ieee754_rem_pio2                     0x080047c8   Section        0  rred.o(i.__ieee754_rem_pio2)
    i.__kernel_cos                           0x08004b50   Section        0  cos_i.o(i.__kernel_cos)
    i.__kernel_poly                          0x08004c4c   Section        0  poly.o(i.__kernel_poly)
    i.__kernel_sin                           0x08004cf8   Section        0  sin_i.o(i.__kernel_sin)
    i.__mathlib_dbl_infnan                   0x08004de4   Section        0  dunder.o(i.__mathlib_dbl_infnan)
    i.__mathlib_dbl_invalid                  0x08004dea   Section        0  dunder.o(i.__mathlib_dbl_invalid)
    i.__mathlib_dbl_underflow                0x08004df8   Section        0  dunder.o(i.__mathlib_dbl_underflow)
    i._sys_exit                              0x08004e08   Section        0  usart.o(i._sys_exit)
    i.delay_init                             0x08004e0c   Section        0  delay.o(i.delay_init)
    i.delay_ms                               0x08004e50   Section        0  delay.o(i.delay_ms)
    i.delay_us                               0x08004e9c   Section        0  delay.o(i.delay_us)
    i.fputc                                  0x08004ee8   Section        0  usart.o(i.fputc)
    i.main                                   0x08004f04   Section        0  main.o(i.main)
    i.sin                                    0x08005210   Section        0  sin.o(i.sin)
    i.uart_init                              0x080052b0   Section        0  usart.o(i.uart_init)
    locale$$code                             0x08005358   Section       44  lc_numeric_c.o(locale$$code)
    x$fpl$d2f                                0x08005384   Section       98  d2f.o(x$fpl$d2f)
    x$fpl$dadd                               0x080053e8   Section      336  daddsub_clz.o(x$fpl$dadd)
    _dadd1                                   0x080053f9   Thumb Code     0  daddsub_clz.o(x$fpl$dadd)
    x$fpl$dcheck1                            0x08005538   Section       16  dcheck1.o(x$fpl$dcheck1)
    x$fpl$ddiv                               0x08005548   Section      688  ddiv.o(x$fpl$ddiv)
    ddiv_entry                               0x0800554f   Thumb Code     0  ddiv.o(x$fpl$ddiv)
    x$fpl$dfix                               0x080057f8   Section       94  dfix.o(x$fpl$dfix)
    x$fpl$dfixu                              0x08005858   Section       90  dfixu.o(x$fpl$dfixu)
    x$fpl$dflt                               0x080058b2   Section       46  dflt_clz.o(x$fpl$dflt)
    x$fpl$dfltu                              0x080058e0   Section       38  dflt_clz.o(x$fpl$dfltu)
    x$fpl$dmul                               0x08005908   Section      340  dmul.o(x$fpl$dmul)
    x$fpl$dnaninf                            0x08005a5c   Section      156  dnaninf.o(x$fpl$dnaninf)
    x$fpl$dretinf                            0x08005af8   Section       12  dretinf.o(x$fpl$dretinf)
    x$fpl$drsb                               0x08005b04   Section       22  daddsub_clz.o(x$fpl$drsb)
    x$fpl$dsub                               0x08005b1c   Section      468  daddsub_clz.o(x$fpl$dsub)
    _dsub1                                   0x08005b2d   Thumb Code     0  daddsub_clz.o(x$fpl$dsub)
    x$fpl$f2d                                0x08005cf0   Section       86  f2d.o(x$fpl$f2d)
    x$fpl$fadd                               0x08005d48   Section      196  faddsub_clz.o(x$fpl$fadd)
    _fadd1                                   0x08005d57   Thumb Code     0  faddsub_clz.o(x$fpl$fadd)
    x$fpl$fcmpinf                            0x08005e0c   Section       24  fcmpi.o(x$fpl$fcmpinf)
    x$fpl$fdiv                               0x08005e24   Section      388  fdiv.o(x$fpl$fdiv)
    _fdiv1                                   0x08005e25   Thumb Code     0  fdiv.o(x$fpl$fdiv)
    x$fpl$fflt                               0x08005fa8   Section       48  fflt_clz.o(x$fpl$fflt)
    x$fpl$ffltu                              0x08005fd8   Section       38  fflt_clz.o(x$fpl$ffltu)
    x$fpl$fleqf                              0x08006000   Section      104  fleqf.o(x$fpl$fleqf)
    x$fpl$fmul                               0x08006068   Section      258  fmul.o(x$fpl$fmul)
    x$fpl$fnaninf                            0x0800616a   Section      140  fnaninf.o(x$fpl$fnaninf)
    x$fpl$fretinf                            0x080061f6   Section       10  fretinf.o(x$fpl$fretinf)
    x$fpl$frleqf                             0x08006200   Section       98  frleqf.o(x$fpl$frleqf)
    x$fpl$fsub                               0x08006264   Section      234  faddsub_clz.o(x$fpl$fsub)
    _fsub1                                   0x08006273   Thumb Code     0  faddsub_clz.o(x$fpl$fsub)
    x$fpl$printf1                            0x0800634e   Section        4  printf1.o(x$fpl$printf1)
    x$fpl$retnan                             0x08006352   Section      100  retnan.o(x$fpl$retnan)
    x$fpl$scalbn                             0x080063b6   Section       92  scalbn.o(x$fpl$scalbn)
    x$fpl$trapveneer                         0x08006412   Section       48  trapv.o(x$fpl$trapveneer)
    x$fpl$usenofp                            0x08006442   Section        0  usenofp.o(x$fpl$usenofp)
    .constdata                               0x08006444   Section     6624  gui.o(.constdata)
    .constdata                               0x08007e28   Section       48  cos_i.o(.constdata)
    C                                        0x08007e28   Data          48  cos_i.o(.constdata)
    .constdata                               0x08007e58   Section      200  rred.o(.constdata)
    pio2s                                    0x08007e58   Data          48  rred.o(.constdata)
    twooverpi                                0x08007e88   Data         152  rred.o(.constdata)
    .constdata                               0x08007f20   Section       40  sin_i.o(.constdata)
    S                                        0x08007f20   Data          40  sin_i.o(.constdata)
    .constdata                               0x08007f48   Section      148  bigflt0.o(.constdata)
    tenpwrs_x                                0x08007f48   Data          60  bigflt0.o(.constdata)
    tenpwrs_i                                0x08007f84   Data          64  bigflt0.o(.constdata)
    locale$$data                             0x08007ffc   Section       28  lc_numeric_c.o(locale$$data)
    __lcnum_c_name                           0x08008000   Data           2  lc_numeric_c.o(locale$$data)
    __lcnum_c_start                          0x08008008   Data           0  lc_numeric_c.o(locale$$data)
    __lcnum_c_point                          0x08008014   Data           0  lc_numeric_c.o(locale$$data)
    __lcnum_c_thousands                      0x08008016   Data           0  lc_numeric_c.o(locale$$data)
    __lcnum_c_grouping                       0x08008017   Data           0  lc_numeric_c.o(locale$$data)
    __lcnum_c_end                            0x08008018   Data           0  lc_numeric_c.o(locale$$data)
    .data                                    0x20000000   Section       20  stm32f10x_rcc.o(.data)
    APBAHBPrescTable                         0x20000000   Data          16  stm32f10x_rcc.o(.data)
    ADCPrescTable                            0x20000010   Data           4  stm32f10x_rcc.o(.data)
    .data                                    0x20000014   Section        4  delay.o(.data)
    fac_us                                   0x20000014   Data           1  delay.o(.data)
    fac_ms                                   0x20000016   Data           2  delay.o(.data)
    .data                                    0x20000018   Section       80  main.o(.data)
    stepfreqcount                            0x20000066   Data           1  main.o(.data)
    stepamplcount                            0x20000067   Data           1  main.o(.data)
    .data                                    0x20000068   Section        6  usart.o(.data)
    .data                                    0x2000006e   Section       10  tasktimer.o(.data)
    .data                                    0x20000078   Section       24  pidcontrolspwm.o(.data)
    count1                                   0x2000008a   Data           2  pidcontrolspwm.o(.data)
    count2                                   0x2000008c   Data           2  pidcontrolspwm.o(.data)
    count3                                   0x2000008e   Data           2  pidcontrolspwm.o(.data)
    .data                                    0x20000090   Section       20  system_stm32f10x.o(.data)
    .bss                                     0x200000a4   Section      200  usart.o(.bss)
    .bss                                     0x2000016c   Section     1230  pidcontrolspwm.o(.bss)
    .bss                                     0x2000063c   Section       96  libspace.o(.bss)
    HEAP                                     0x200006a0   Section      512  startup_stm32f10x_hd.o(HEAP)
    Heap_Mem                                 0x200006a0   Data         512  startup_stm32f10x_hd.o(HEAP)
    STACK                                    0x200008a0   Section     1024  startup_stm32f10x_hd.o(STACK)
    Stack_Mem                                0x200008a0   Data        1024  startup_stm32f10x_hd.o(STACK)
    __initial_sp                             0x20000ca0   Data           0  startup_stm32f10x_hd.o(STACK)

    Global Symbols

    Symbol Name                              Value     Ov Type        Size  Object(Section)

    BuildAttributes$$THM_ISAv4$P$D$K$B$S$PE$A:L22UL41UL21$X:L11$S22US41US21$IEEE1$IW$USESV6$~STKCKD$USESV7$~SHL$OTIME$ROPI$IEEEX$EBA8$UX$STANDARDLIB$REQ8$PRES8$EABIv2 0x00000000   Number         0  anon$$obj.o ABSOLUTE
    __ARM_use_no_argv                        0x00000000   Number         0  main.o ABSOLUTE
    __ARM_exceptions_init                     - Undefined Weak Reference
    __alloca_initialize                       - Undefined Weak Reference
    __arm_preinit_                            - Undefined Weak Reference
    __cpp_initialize__aeabi_                  - Undefined Weak Reference
    __cxa_finalize                            - Undefined Weak Reference
    __sigvec_lookup                           - Undefined Weak Reference
    _atexit_init                              - Undefined Weak Reference
    _call_atexit_fns                          - Undefined Weak Reference
    _clock_init                               - Undefined Weak Reference
    _fp_trap_init                             - Undefined Weak Reference
    _fp_trap_shutdown                         - Undefined Weak Reference
    _get_lc_collate                           - Undefined Weak Reference
    _get_lc_ctype                             - Undefined Weak Reference
    _get_lc_monetary                          - Undefined Weak Reference
    _get_lc_time                              - Undefined Weak Reference
    _getenv_init                              - Undefined Weak Reference
    _handle_redirection                       - Undefined Weak Reference
    _init_alloc                               - Undefined Weak Reference
    _init_user_alloc                          - Undefined Weak Reference
    _initio                                   - Undefined Weak Reference
    _mutex_acquire                            - Undefined Weak Reference
    _mutex_release                            - Undefined Weak Reference
    _printf_post_padding                      - Undefined Weak Reference
    _printf_pre_padding                       - Undefined Weak Reference
    _rand_init                                - Undefined Weak Reference
    _signal_finish                            - Undefined Weak Reference
    _signal_init                              - Undefined Weak Reference
    _terminate_alloc                          - Undefined Weak Reference
    _terminate_user_alloc                     - Undefined Weak Reference
    _terminateio                              - Undefined Weak Reference
    __Vectors_Size                           0x00000130   Number         0  startup_stm32f10x_hd.o ABSOLUTE
    __Vectors                                0x08000000   Data           4  startup_stm32f10x_hd.o(RESET)
    __Vectors_End                            0x08000130   Data           0  startup_stm32f10x_hd.o(RESET)
    __main                                   0x08000131   Thumb Code     8  __main.o(!!!main)
    __scatterload                            0x08000139   Thumb Code     0  __scatter.o(!!!scatter)
    __scatterload_rt2                        0x08000139   Thumb Code    44  __scatter.o(!!!scatter)
    __scatterload_rt2_thumb_only             0x08000139   Thumb Code     0  __scatter.o(!!!scatter)
    __scatterload_null                       0x08000147   Thumb Code     0  __scatter.o(!!!scatter)
    __scatterload_copy                       0x0800016d   Thumb Code    26  __scatter_copy.o(!!handler_copy)
    __scatterload_zeroinit                   0x08000189   Thumb Code    28  __scatter_zi.o(!!handler_zi)
    _printf_f                                0x080001a5   Thumb Code     0  _printf_f.o(.ARM.Collect$$_printf_percent$$00000003)
    _printf_percent                          0x080001a5   Thumb Code     0  _printf_percent.o(.ARM.Collect$$_printf_percent$$00000000)
    _printf_percent_end                      0x080001ab   Thumb Code     0  _printf_percent_end.o(.ARM.Collect$$_printf_percent$$00000017)
    __rt_lib_init                            0x080001af   Thumb Code     0  libinit.o(.ARM.Collect$$libinit$$00000000)
    __rt_lib_init_fp_1                       0x080001b1   Thumb Code     0  libinit2.o(.ARM.Collect$$libinit$$00000002)
    __rt_lib_init_heap_1                     0x080001b1   Thumb Code     0  libinit2.o(.ARM.Collect$$libinit$$0000000A)
    __rt_lib_init_lc_common                  0x080001b1   Thumb Code     0  libinit2.o(.ARM.Collect$$libinit$$0000000F)
    __rt_lib_init_preinit_1                  0x080001b1   Thumb Code     0  libinit2.o(.ARM.Collect$$libinit$$00000004)
    __rt_lib_init_rand_1                     0x080001b1   Thumb Code     0  libinit2.o(.ARM.Collect$$libinit$$0000000E)
    __rt_lib_init_user_alloc_1               0x080001b1   Thumb Code     0  libinit2.o(.ARM.Collect$$libinit$$0000000C)
    __rt_lib_init_lc_collate_1               0x080001b7   Thumb Code     0  libinit2.o(.ARM.Collect$$libinit$$00000011)
    __rt_lib_init_lc_ctype_1                 0x080001b7   Thumb Code     0  libinit2.o(.ARM.Collect$$libinit$$00000013)
    __rt_lib_init_lc_monetary_1              0x080001b7   Thumb Code     0  libinit2.o(.ARM.Collect$$libinit$$00000015)
    __rt_lib_init_lc_numeric_2               0x080001b7   Thumb Code     0  libinit2.o(.ARM.Collect$$libinit$$00000016)
    __rt_lib_init_alloca_1                   0x080001c1   Thumb Code     0  libinit2.o(.ARM.Collect$$libinit$$0000002E)
    __rt_lib_init_argv_1                     0x080001c1   Thumb Code     0  libinit2.o(.ARM.Collect$$libinit$$0000002C)
    __rt_lib_init_atexit_1                   0x080001c1   Thumb Code     0  libinit2.o(.ARM.Collect$$libinit$$0000001B)
    __rt_lib_init_clock_1                    0x080001c1   Thumb Code     0  libinit2.o(.ARM.Collect$$libinit$$00000021)
    __rt_lib_init_cpp_1                      0x080001c1   Thumb Code     0  libinit2.o(.ARM.Collect$$libinit$$00000032)
    __rt_lib_init_exceptions_1               0x080001c1   Thumb Code     0  libinit2.o(.ARM.Collect$$libinit$$00000030)
    __rt_lib_init_fp_trap_1                  0x080001c1   Thumb Code     0  libinit2.o(.ARM.Collect$$libinit$$0000001F)
    __rt_lib_init_getenv_1                   0x080001c1   Thumb Code     0  libinit2.o(.ARM.Collect$$libinit$$00000023)
    __rt_lib_init_lc_numeric_1               0x080001c1   Thumb Code     0  libinit2.o(.ARM.Collect$$libinit$$00000017)
    __rt_lib_init_lc_time_1                  0x080001c1   Thumb Code     0  libinit2.o(.ARM.Collect$$libinit$$00000019)
    __rt_lib_init_return                     0x080001c1   Thumb Code     0  libinit2.o(.ARM.Collect$$libinit$$00000033)
    __rt_lib_init_signal_1                   0x080001c1   Thumb Code     0  libinit2.o(.ARM.Collect$$libinit$$0000001D)
    __rt_lib_init_stdio_1                    0x080001c1   Thumb Code     0  libinit2.o(.ARM.Collect$$libinit$$00000025)
    __rt_lib_shutdown                        0x080001c3   Thumb Code     0  libshutdown.o(.ARM.Collect$$libshutdown$$00000000)
    __rt_lib_shutdown_cpp_1                  0x080001c5   Thumb Code     0  libshutdown2.o(.ARM.Collect$$libshutdown$$00000002)
    __rt_lib_shutdown_fp_trap_1              0x080001c5   Thumb Code     0  libshutdown2.o(.ARM.Collect$$libshutdown$$00000007)
    __rt_lib_shutdown_heap_1                 0x080001c5   Thumb Code     0  libshutdown2.o(.ARM.Collect$$libshutdown$$0000000F)
    __rt_lib_shutdown_return                 0x080001c5   Thumb Code     0  libshutdown2.o(.ARM.Collect$$libshutdown$$00000010)
    __rt_lib_shutdown_signal_1               0x080001c5   Thumb Code     0  libshutdown2.o(.ARM.Collect$$libshutdown$$0000000A)
    __rt_lib_shutdown_stdio_1                0x080001c5   Thumb Code     0  libshutdown2.o(.ARM.Collect$$libshutdown$$00000004)
    __rt_lib_shutdown_user_alloc_1           0x080001c5   Thumb Code     0  libshutdown2.o(.ARM.Collect$$libshutdown$$0000000C)
    __rt_entry                               0x080001c7   Thumb Code     0  __rtentry.o(.ARM.Collect$$rtentry$$00000000)
    __rt_entry_presh_1                       0x080001c7   Thumb Code     0  __rtentry2.o(.ARM.Collect$$rtentry$$00000002)
    __rt_entry_sh                            0x080001c7   Thumb Code     0  __rtentry4.o(.ARM.Collect$$rtentry$$00000004)
    __rt_entry_li                            0x080001cd   Thumb Code     0  __rtentry2.o(.ARM.Collect$$rtentry$$0000000A)
    __rt_entry_postsh_1                      0x080001cd   Thumb Code     0  __rtentry2.o(.ARM.Collect$$rtentry$$00000009)
    __rt_entry_main                          0x080001d1   Thumb Code     0  __rtentry2.o(.ARM.Collect$$rtentry$$0000000D)
    __rt_entry_postli_1                      0x080001d1   Thumb Code     0  __rtentry2.o(.ARM.Collect$$rtentry$$0000000C)
    __rt_exit                                0x080001d9   Thumb Code     0  rtexit.o(.ARM.Collect$$rtexit$$00000000)
    __rt_exit_ls                             0x080001db   Thumb Code     0  rtexit2.o(.ARM.Collect$$rtexit$$00000003)
    __rt_exit_prels_1                        0x080001db   Thumb Code     0  rtexit2.o(.ARM.Collect$$rtexit$$00000002)
    __rt_exit_exit                           0x080001df   Thumb Code     0  rtexit2.o(.ARM.Collect$$rtexit$$00000004)
    Reset_Handler                            0x080001e5   Thumb Code     8  startup_stm32f10x_hd.o(.text)
    ADC1_2_IRQHandler                        0x080001ff   Thumb Code     0  startup_stm32f10x_hd.o(.text)
    ADC3_IRQHandler                          0x080001ff   Thumb Code     0  startup_stm32f10x_hd.o(.text)
    CAN1_RX1_IRQHandler                      0x080001ff   Thumb Code     0  startup_stm32f10x_hd.o(.text)
    CAN1_SCE_IRQHandler                      0x080001ff   Thumb Code     0  startup_stm32f10x_hd.o(.text)
    DMA1_Channel1_IRQHandler                 0x080001ff   Thumb Code     0  startup_stm32f10x_hd.o(.text)
    DMA1_Channel2_IRQHandler                 0x080001ff   Thumb Code     0  startup_stm32f10x_hd.o(.text)
    DMA1_Channel3_IRQHandler                 0x080001ff   Thumb Code     0  startup_stm32f10x_hd.o(.text)
    DMA1_Channel4_IRQHandler                 0x080001ff   Thumb Code     0  startup_stm32f10x_hd.o(.text)
    DMA1_Channel5_IRQHandler                 0x080001ff   Thumb Code     0  startup_stm32f10x_hd.o(.text)
    DMA1_Channel6_IRQHandler                 0x080001ff   Thumb Code     0  startup_stm32f10x_hd.o(.text)
    DMA1_Channel7_IRQHandler                 0x080001ff   Thumb Code     0  startup_stm32f10x_hd.o(.text)
    DMA2_Channel1_IRQHandler                 0x080001ff   Thumb Code     0  startup_stm32f10x_hd.o(.text)
    DMA2_Channel2_IRQHandler                 0x080001ff   Thumb Code     0  startup_stm32f10x_hd.o(.text)
    DMA2_Channel3_IRQHandler                 0x080001ff   Thumb Code     0  startup_stm32f10x_hd.o(.text)
    DMA2_Channel4_5_IRQHandler               0x080001ff   Thumb Code     0  startup_stm32f10x_hd.o(.text)
    EXTI0_IRQHandler                         0x080001ff   Thumb Code     0  startup_stm32f10x_hd.o(.text)
    EXTI1_IRQHandler                         0x080001ff   Thumb Code     0  startup_stm32f10x_hd.o(.text)
    EXTI2_IRQHandler                         0x080001ff   Thumb Code     0  startup_stm32f10x_hd.o(.text)
    EXTI4_IRQHandler                         0x080001ff   Thumb Code     0  startup_stm32f10x_hd.o(.text)
    FLASH_IRQHandler                         0x080001ff   Thumb Code     0  startup_stm32f10x_hd.o(.text)
    FSMC_IRQHandler                          0x080001ff   Thumb Code     0  startup_stm32f10x_hd.o(.text)
    I2C1_ER_IRQHandler                       0x080001ff   Thumb Code     0  startup_stm32f10x_hd.o(.text)
    I2C1_EV_IRQHandler                       0x080001ff   Thumb Code     0  startup_stm32f10x_hd.o(.text)
    I2C2_ER_IRQHandler                       0x080001ff   Thumb Code     0  startup_stm32f10x_hd.o(.text)
    I2C2_EV_IRQHandler                       0x080001ff   Thumb Code     0  startup_stm32f10x_hd.o(.text)
    PVD_IRQHandler                           0x080001ff   Thumb Code     0  startup_stm32f10x_hd.o(.text)
    RCC_IRQHandler                           0x080001ff   Thumb Code     0  startup_stm32f10x_hd.o(.text)
    RTCAlarm_IRQHandler                      0x080001ff   Thumb Code     0  startup_stm32f10x_hd.o(.text)
    RTC_IRQHandler                           0x080001ff   Thumb Code     0  startup_stm32f10x_hd.o(.text)
    SDIO_IRQHandler                          0x080001ff   Thumb Code     0  startup_stm32f10x_hd.o(.text)
    SPI1_IRQHandler                          0x080001ff   Thumb Code     0  startup_stm32f10x_hd.o(.text)
    SPI2_IRQHandler                          0x080001ff   Thumb Code     0  startup_stm32f10x_hd.o(.text)
    SPI3_IRQHandler                          0x080001ff   Thumb Code     0  startup_stm32f10x_hd.o(.text)
    TAMPER_IRQHandler                        0x080001ff   Thumb Code     0  startup_stm32f10x_hd.o(.text)
    TIM1_BRK_IRQHandler                      0x080001ff   Thumb Code     0  startup_stm32f10x_hd.o(.text)
    TIM1_CC_IRQHandler                       0x080001ff   Thumb Code     0  startup_stm32f10x_hd.o(.text)
    TIM1_TRG_COM_IRQHandler                  0x080001ff   Thumb Code     0  startup_stm32f10x_hd.o(.text)
    TIM2_IRQHandler                          0x080001ff   Thumb Code     0  startup_stm32f10x_hd.o(.text)
    TIM4_IRQHandler                          0x080001ff   Thumb Code     0  startup_stm32f10x_hd.o(.text)
    TIM5_IRQHandler                          0x080001ff   Thumb Code     0  startup_stm32f10x_hd.o(.text)
    TIM8_BRK_IRQHandler                      0x080001ff   Thumb Code     0  startup_stm32f10x_hd.o(.text)
    TIM8_CC_IRQHandler                       0x080001ff   Thumb Code     0  startup_stm32f10x_hd.o(.text)
    TIM8_TRG_COM_IRQHandler                  0x080001ff   Thumb Code     0  startup_stm32f10x_hd.o(.text)
    TIM8_UP_IRQHandler                       0x080001ff   Thumb Code     0  startup_stm32f10x_hd.o(.text)
    UART4_IRQHandler                         0x080001ff   Thumb Code     0  startup_stm32f10x_hd.o(.text)
    UART5_IRQHandler                         0x080001ff   Thumb Code     0  startup_stm32f10x_hd.o(.text)
    USART3_IRQHandler                        0x080001ff   Thumb Code     0  startup_stm32f10x_hd.o(.text)
    USBWakeUp_IRQHandler                     0x080001ff   Thumb Code     0  startup_stm32f10x_hd.o(.text)
    USB_HP_CAN1_TX_IRQHandler                0x080001ff   Thumb Code     0  startup_stm32f10x_hd.o(.text)
    USB_LP_CAN1_RX0_IRQHandler               0x080001ff   Thumb Code     0  startup_stm32f10x_hd.o(.text)
    WWDG_IRQHandler                          0x080001ff   Thumb Code     0  startup_stm32f10x_hd.o(.text)
    __user_initial_stackheap                 0x08000201   Thumb Code     0  startup_stm32f10x_hd.o(.text)
    __use_no_semihosting                     0x08000225   Thumb Code     2  use_no_semi_2.o(.text)
    __2printf                                0x08000229   Thumb Code    20  noretval__2printf.o(.text)
    __2sprintf                               0x08000241   Thumb Code    34  noretval__2sprintf.o(.text)
    __printf                                 0x08000269   Thumb Code   104  __printf.o(.text)
    __use_two_region_memory                  0x080002d1   Thumb Code     2  heapauxi.o(.text)
    __rt_heap_escrow$2region                 0x080002d3   Thumb Code     2  heapauxi.o(.text)
    __rt_heap_expand$2region                 0x080002d5   Thumb Code     2  heapauxi.o(.text)
    __I$use$semihosting                      0x080002d7   Thumb Code     0  use_no_semi.o(.text)
    __use_no_semihosting_swi                 0x080002d7   Thumb Code     2  use_no_semi.o(.text)
    __read_errno                             0x080002d9   Thumb Code    10  _rserrno.o(.text)
    __set_errno                              0x080002e3   Thumb Code    12  _rserrno.o(.text)
    __lib_sel_fp_printf                      0x080002ef   Thumb Code     2  _printf_fp_dec.o(.text)
    _printf_fp_dec_real                      0x080004a1   Thumb Code   620  _printf_fp_dec.o(.text)
    _printf_char_common                      0x08000717   Thumb Code    32  _printf_char_common.o(.text)
    _sputc                                   0x0800073d   Thumb Code    10  _sputc.o(.text)
    _printf_char_file                        0x08000749   Thumb Code    32  _printf_char_file.o(.text)
    __rt_locale                              0x0800076d   Thumb Code     8  rt_locale_intlibspace.o(.text)
    __aeabi_errno_addr                       0x08000775   Thumb Code     8  rt_errno_addr_intlibspace.o(.text)
    __errno$intlibspace                      0x08000775   Thumb Code     0  rt_errno_addr_intlibspace.o(.text)
    __rt_errno_addr$intlibspace              0x08000775   Thumb Code     0  rt_errno_addr_intlibspace.o(.text)
    _ll_udiv10                               0x0800077d   Thumb Code   138  lludiv10.o(.text)
    _printf_fp_infnan                        0x08000809   Thumb Code   112  _printf_fp_infnan.o(.text)
    _btod_etento                             0x08000889   Thumb Code   224  bigflt0.o(.text)
    ferror                                   0x0800096d   Thumb Code     8  ferror.o(.text)
    __user_libspace                          0x08000975   Thumb Code     8  libspace.o(.text)
    __user_perproc_libspace                  0x08000975   Thumb Code     0  libspace.o(.text)
    __user_perthread_libspace                0x08000975   Thumb Code     0  libspace.o(.text)
    __user_setup_stackheap                   0x0800097d   Thumb Code    74  sys_stackheap_outer.o(.text)
    exit                                     0x080009c7   Thumb Code    18  exit.o(.text)
    strcmp                                   0x080009d9   Thumb Code   128  strcmpv7m.o(.text)
    _btod_d2e                                0x08000a59   Thumb Code    62  btod.o(CL$$btod_d2e)
    _d2e_denorm_low                          0x08000a97   Thumb Code    70  btod.o(CL$$btod_d2e_denorm_low)
    _d2e_norm_op1                            0x08000add   Thumb Code    96  btod.o(CL$$btod_d2e_norm_op1)
    __btod_div_common                        0x08000b3d   Thumb Code   696  btod.o(CL$$btod_div_common)
    _e2e                                     0x08000e75   Thumb Code   220  btod.o(CL$$btod_e2e)
    _btod_ediv                               0x08000f51   Thumb Code    42  btod.o(CL$$btod_ediv)
    _btod_emul                               0x08000f7b   Thumb Code    42  btod.o(CL$$btod_emul)
    __btod_mult_common                       0x08000fa5   Thumb Code   580  btod.o(CL$$btod_mult_common)
    ADC_Cmd                                  0x080011e9   Thumb Code    22  stm32f10x_adc.o(i.ADC_Cmd)
    ADC_GetCalibrationStatus                 0x080011ff   Thumb Code    20  stm32f10x_adc.o(i.ADC_GetCalibrationStatus)
    ADC_GetConversionValue                   0x08001213   Thumb Code     8  stm32f10x_adc.o(i.ADC_GetConversionValue)
    ADC_GetFlagStatus                        0x0800121b   Thumb Code    18  stm32f10x_adc.o(i.ADC_GetFlagStatus)
    ADC_GetResetCalibrationStatus            0x0800122d   Thumb Code    20  stm32f10x_adc.o(i.ADC_GetResetCalibrationStatus)
    ADC_Init                                 0x08001241   Thumb Code    70  stm32f10x_adc.o(i.ADC_Init)
    ADC_RegularChannelConfig                 0x08001291   Thumb Code   184  stm32f10x_adc.o(i.ADC_RegularChannelConfig)
    ADC_ResetCalibration                     0x08001349   Thumb Code    10  stm32f10x_adc.o(i.ADC_ResetCalibration)
    ADC_SoftwareStartConvCmd                 0x08001353   Thumb Code    22  stm32f10x_adc.o(i.ADC_SoftwareStartConvCmd)
    ADC_StartCalibration                     0x08001369   Thumb Code    10  stm32f10x_adc.o(i.ADC_StartCalibration)
    BUZZ_Init                                0x08001375   Thumb Code    46  commongpio.o(i.BUZZ_Init)
    BusFault_Handler                         0x080013a9   Thumb Code     4  stm32f10x_it.o(i.BusFault_Handler)
    CurrentADC_Init                          0x080013ad   Thumb Code   148  currentsensoradc.o(i.CurrentADC_Init)
    DebugMon_Handler                         0x0800144d   Thumb Code     2  stm32f10x_it.o(i.DebugMon_Handler)
    EC11Encoder_Init                         0x08001451   Thumb Code   280  encoder.o(i.EC11Encoder_Init)
    EXTI15_10_IRQHandler                     0x08001579   Thumb Code   344  main.o(i.EXTI15_10_IRQHandler)
    EXTI3_IRQHandler                         0x080016fd   Thumb Code    94  main.o(i.EXTI3_IRQHandler)
    EXTI9_5_IRQHandler                       0x0800176d   Thumb Code    94  main.o(i.EXTI9_5_IRQHandler)
    EXTI_ClearITPendingBit                   0x080017dd   Thumb Code     6  stm32f10x_exti.o(i.EXTI_ClearITPendingBit)
    EXTI_Init                                0x080017e9   Thumb Code   142  stm32f10x_exti.o(i.EXTI_Init)
    FANControl_Init                          0x0800187d   Thumb Code    50  commongpio.o(i.FANControl_Init)
    GPIO_EXTILineConfig                      0x080018b5   Thumb Code    60  stm32f10x_gpio.o(i.GPIO_EXTILineConfig)
    GPIO_Init                                0x080018f5   Thumb Code   278  stm32f10x_gpio.o(i.GPIO_Init)
    GPIO_ResetBits                           0x08001a0b   Thumb Code     4  stm32f10x_gpio.o(i.GPIO_ResetBits)
    GPIO_SetBits                             0x08001a0f   Thumb Code     4  stm32f10x_gpio.o(i.GPIO_SetBits)
    GetCurrent_Adc                           0x08001a15   Thumb Code    46  currentsensoradc.o(i.GetCurrent_Adc)
    GetCurrent_Adc_Average                   0x08001a49   Thumb Code    46  currentsensoradc.o(i.GetCurrent_Adc_Average)
    GetPower_Adc                             0x08001a79   Thumb Code    46  currentsensoradc.o(i.GetPower_Adc)
    GetPower_Adc_Average                     0x08001aad   Thumb Code    46  currentsensoradc.o(i.GetPower_Adc_Average)
    Gui_DrawFont_GBK16                       0x08001add   Thumb Code   402  gui.o(i.Gui_DrawFont_GBK16)
    Gui_DrawNum32_GBK16                      0x08001c79   Thumb Code   108  gui.o(i.Gui_DrawNum32_GBK16)
    Gui_DrawNum_GBK16                        0x08001ce9   Thumb Code   110  gui.o(i.Gui_DrawNum_GBK16)
    Gui_DrawPoint                            0x08001d61   Thumb Code    24  lcddisplay.o(i.Gui_DrawPoint)
    HardFault_Handler                        0x08001d79   Thumb Code     4  stm32f10x_it.o(i.HardFault_Handler)
    HistoryDataCheck                         0x08001d7d   Thumb Code   370  main.o(i.HistoryDataCheck)
    I2CStorage_Ack                           0x08001ef9   Thumb Code    66  i2cequipment.o(i.I2CStorage_Ack)
    I2CStorage_NAck                          0x08001f49   Thumb Code    66  i2cequipment.o(i.I2CStorage_NAck)
    I2CStorage_Read_Byte                     0x08001f99   Thumb Code    98  i2cequipment.o(i.I2CStorage_Read_Byte)
    I2CStorage_Send_Byte                     0x08002009   Thumb Code    90  i2cequipment.o(i.I2CStorage_Send_Byte)
    I2CStorage_Start                         0x08002071   Thumb Code    64  i2cequipment.o(i.I2CStorage_Start)
    I2CStorage_Stop                          0x080020bd   Thumb Code    62  i2cequipment.o(i.I2CStorage_Stop)
    I2CStorage_Wait_Ack                      0x08002109   Thumb Code    86  i2cequipment.o(i.I2CStorage_Wait_Ack)
    I2CTemp_Ack                              0x0800216d   Thumb Code    64  i2cequipment.o(i.I2CTemp_Ack)
    I2CTemp_NAck                             0x080021b9   Thumb Code    62  i2cequipment.o(i.I2CTemp_NAck)
    I2CTemp_Read_Byte                        0x08002205   Thumb Code    98  i2cequipment.o(i.I2CTemp_Read_Byte)
    I2CTemp_Send_Byte                        0x08002275   Thumb Code    88  i2cequipment.o(i.I2CTemp_Send_Byte)
    I2CTemp_Start                            0x080022d9   Thumb Code    62  i2cequipment.o(i.I2CTemp_Start)
    I2CTemp_Stop                             0x08002325   Thumb Code    60  i2cequipment.o(i.I2CTemp_Stop)
    I2CTemp_Wait_Ack                         0x0800236d   Thumb Code    86  i2cequipment.o(i.I2CTemp_Wait_Ack)
    KEY_Init                                 0x080023d1   Thumb Code   174  commongpio.o(i.KEY_Init)
    LCD_GPIO_Init                            0x08002485   Thumb Code    40  lcddisplay.o(i.LCD_GPIO_Init)
    LED_Init                                 0x080024b1   Thumb Code    98  commongpio.o(i.LED_Init)
    LcdDisplay_Init                          0x08002525   Thumb Code   290  lcddisplay.o(i.LcdDisplay_Init)
    Lcd_Clear                                0x080026f5   Thumb Code    68  lcddisplay.o(i.Lcd_Clear)
    Lcd_Init                                 0x0800273d   Thumb Code   528  lcddisplay.o(i.Lcd_Init)
    Lcd_Reset                                0x0800294d   Thumb Code    34  lcddisplay.o(i.Lcd_Reset)
    Lcd_SetRegion                            0x08002975   Thumb Code    54  lcddisplay.o(i.Lcd_SetRegion)
    Lcd_SetXY                                0x080029ab   Thumb Code    46  lcddisplay.o(i.Lcd_SetXY)
    Lcd_WriteData                            0x080029d9   Thumb Code    36  lcddisplay.o(i.Lcd_WriteData)
    Lcd_WriteData_16Bit                      0x08002a01   Thumb Code    18  lcddisplay.o(i.Lcd_WriteData_16Bit)
    Lcd_WriteIndex                           0x08002a15   Thumb Code    34  lcddisplay.o(i.Lcd_WriteIndex)
    MemManage_Handler                        0x08002a3d   Thumb Code     4  stm32f10x_it.o(i.MemManage_Handler)
    NMI_Handler                              0x08002a41   Thumb Code     2  stm32f10x_it.o(i.NMI_Handler)
    NVIC_Init                                0x08002a45   Thumb Code   100  misc.o(i.NVIC_Init)
    NVIC_PriorityGroupConfig                 0x08002ab5   Thumb Code    10  misc.o(i.NVIC_PriorityGroupConfig)
    PWM_Time8Init                            0x08002ac9   Thumb Code   296  pwmtimer.o(i.PWM_Time8Init)
    PendSV_Handler                           0x08002c01   Thumb Code     2  stm32f10x_it.o(i.PendSV_Handler)
    RCC_ADCCLKConfig                         0x08002c05   Thumb Code    18  stm32f10x_rcc.o(i.RCC_ADCCLKConfig)
    RCC_APB1PeriphClockCmd                   0x08002c1d   Thumb Code    26  stm32f10x_rcc.o(i.RCC_APB1PeriphClockCmd)
    RCC_APB1PeriphResetCmd                   0x08002c3d   Thumb Code    26  stm32f10x_rcc.o(i.RCC_APB1PeriphResetCmd)
    RCC_APB2PeriphClockCmd                   0x08002c5d   Thumb Code    26  stm32f10x_rcc.o(i.RCC_APB2PeriphClockCmd)
    RCC_APB2PeriphResetCmd                   0x08002c7d   Thumb Code    26  stm32f10x_rcc.o(i.RCC_APB2PeriphResetCmd)
    RCC_GetClocksFreq                        0x08002c9d   Thumb Code   192  stm32f10x_rcc.o(i.RCC_GetClocksFreq)
    ReadCurrent                              0x08002d71   Thumb Code   128  currentsensoradc.o(i.ReadCurrent)
    ReadPowerVoltage                         0x08002e0d   Thumb Code    64  currentsensoradc.o(i.ReadPowerVoltage)
    ReadTemperature                          0x08002e55   Thumb Code   190  i2cequipment.o(i.ReadTemperature)
    SPIv_WriteData                           0x08002f1d   Thumb Code    60  lcddisplay.o(i.SPIv_WriteData)
    SPWM_TimeInit                            0x08002f5d   Thumb Code   224  pidcontrolspwm.o(i.SPWM_TimeInit)
    SVC_Handler                              0x08003049   Thumb Code     2  stm32f10x_it.o(i.SVC_Handler)
    StorageI2C_Init                          0x08003135   Thumb Code    40  i2cequipment.o(i.StorageI2C_Init)
    StorageReadOneByte                       0x08003161   Thumb Code    84  i2cequipment.o(i.StorageReadOneByte)
    StorageWriteOneByte                      0x080031b5   Thumb Code    76  i2cequipment.o(i.StorageWriteOneByte)
    SupplyVoltageADC_Init                    0x08003201   Thumb Code   140  currentsensoradc.o(i.SupplyVoltageADC_Init)
    SysTick_CLKSourceConfig                  0x08003295   Thumb Code    40  misc.o(i.SysTick_CLKSourceConfig)
    SysTick_Handler                          0x080032bd   Thumb Code     2  stm32f10x_it.o(i.SysTick_Handler)
    SystemInit                               0x080032c1   Thumb Code    78  system_stm32f10x.o(i.SystemInit)
    TIM1_UP_IRQHandler                       0x08003321   Thumb Code    92  tasktimer.o(i.TIM1_UP_IRQHandler)
    TIM3_IRQHandler                          0x08003399   Thumb Code   364  pidcontrolspwm.o(i.TIM3_IRQHandler)
    TIM6_IRQHandler                          0x08003529   Thumb Code   364  pidcontrolspwm.o(i.TIM6_IRQHandler)
    TIM7_IRQHandler                          0x080036b9   Thumb Code   364  pidcontrolspwm.o(i.TIM7_IRQHandler)
    TIM_ARRPreloadConfig                     0x08003849   Thumb Code    24  stm32f10x_tim.o(i.TIM_ARRPreloadConfig)
    TIM_BDTRConfig                           0x08003861   Thumb Code    32  stm32f10x_tim.o(i.TIM_BDTRConfig)
    TIM_ClearFlag                            0x08003881   Thumb Code     6  stm32f10x_tim.o(i.TIM_ClearFlag)
    TIM_ClearITPendingBit                    0x08003887   Thumb Code     6  stm32f10x_tim.o(i.TIM_ClearITPendingBit)
    TIM_Cmd                                  0x0800388d   Thumb Code    24  stm32f10x_tim.o(i.TIM_Cmd)
    TIM_CtrlPWMOutputs                       0x080038a5   Thumb Code    30  stm32f10x_tim.o(i.TIM_CtrlPWMOutputs)
    TIM_EncoderInterfaceConfig               0x080038c3   Thumb Code    66  stm32f10x_tim.o(i.TIM_EncoderInterfaceConfig)
    TIM_GetCounter                           0x08003905   Thumb Code     6  stm32f10x_tim.o(i.TIM_GetCounter)
    TIM_GetITStatus                          0x0800390b   Thumb Code    34  stm32f10x_tim.o(i.TIM_GetITStatus)
    TIM_ITConfig                             0x0800392d   Thumb Code    18  stm32f10x_tim.o(i.TIM_ITConfig)
    TIM_OC1Init                              0x08003941   Thumb Code   132  stm32f10x_tim.o(i.TIM_OC1Init)
    TIM_OC1PreloadConfig                     0x080039d9   Thumb Code    18  stm32f10x_tim.o(i.TIM_OC1PreloadConfig)
    TIM_OC2Init                              0x080039ed   Thumb Code   154  stm32f10x_tim.o(i.TIM_OC2Init)
    TIM_OC2PreloadConfig                     0x08003a91   Thumb Code    26  stm32f10x_tim.o(i.TIM_OC2PreloadConfig)
    TIM_OC3Init                              0x08003aad   Thumb Code   150  stm32f10x_tim.o(i.TIM_OC3Init)
    TIM_OC3PreloadConfig                     0x08003b4d   Thumb Code    18  stm32f10x_tim.o(i.TIM_OC3PreloadConfig)
    TIM_TimeBaseInit                         0x08003b61   Thumb Code   122  stm32f10x_tim.o(i.TIM_TimeBaseInit)
    TaskDataDtorage                          0x08003c05   Thumb Code   372  main.o(i.TaskDataDtorage)
    TaskDisplayUpdate                        0x08003d81   Thumb Code   434  main.o(i.TaskDisplayUpdate)
    TaskEncodeUpdate_Ampl                    0x08003f7d   Thumb Code   270  main.o(i.TaskEncodeUpdate_Ampl)
    TaskEncodeUpdate_Freq                    0x080040ad   Thumb Code   272  main.o(i.TaskEncodeUpdate_Freq)
    TaskSwitchSelectSwitch                   0x080041dd   Thumb Code    80  main.o(i.TaskSwitchSelectSwitch)
    TaskTime_Init                            0x08004235   Thumb Code   102  tasktimer.o(i.TaskTime_Init)
    USART1_IRQHandler                        0x080042a1   Thumb Code   122  usart.o(i.USART1_IRQHandler)
    USART2_IRQHandler                        0x08004329   Thumb Code    26  serialportnetwork.o(i.USART2_IRQHandler)
    USART_Cmd                                0x08004349   Thumb Code    24  stm32f10x_usart.o(i.USART_Cmd)
    USART_DeInit                             0x08004361   Thumb Code   134  stm32f10x_usart.o(i.USART_DeInit)
    USART_GetITStatus                        0x080043fd   Thumb Code    84  stm32f10x_usart.o(i.USART_GetITStatus)
    USART_ITConfig                           0x08004451   Thumb Code    74  stm32f10x_usart.o(i.USART_ITConfig)
    USART_Init                               0x0800449d   Thumb Code   210  stm32f10x_usart.o(i.USART_Init)
    USART_ReceiveData                        0x08004575   Thumb Code    10  stm32f10x_usart.o(i.USART_ReceiveData)
    UpdateSinTable                           0x08004581   Thumb Code   504  pidcontrolspwm.o(i.UpdateSinTable)
    UsageFault_Handler                       0x0800479d   Thumb Code     4  stm32f10x_it.o(i.UsageFault_Handler)
    __ARM_fpclassify                         0x080047a1   Thumb Code    40  fpclassify.o(i.__ARM_fpclassify)
    __ieee754_rem_pio2                       0x080047c9   Thumb Code   828  rred.o(i.__ieee754_rem_pio2)
    __kernel_cos                             0x08004b51   Thumb Code   230  cos_i.o(i.__kernel_cos)
    __kernel_poly                            0x08004c4d   Thumb Code   170  poly.o(i.__kernel_poly)
    __kernel_sin                             0x08004cf9   Thumb Code   224  sin_i.o(i.__kernel_sin)
    __mathlib_dbl_infnan                     0x08004de5   Thumb Code     6  dunder.o(i.__mathlib_dbl_infnan)
    __mathlib_dbl_invalid                    0x08004deb   Thumb Code    12  dunder.o(i.__mathlib_dbl_invalid)
    __mathlib_dbl_underflow                  0x08004df9   Thumb Code    10  dunder.o(i.__mathlib_dbl_underflow)
    _sys_exit                                0x08004e09   Thumb Code     4  usart.o(i._sys_exit)
    delay_init                               0x08004e0d   Thumb Code    50  delay.o(i.delay_init)
    delay_ms                                 0x08004e51   Thumb Code    72  delay.o(i.delay_ms)
    delay_us                                 0x08004e9d   Thumb Code    72  delay.o(i.delay_us)
    fputc                                    0x08004ee9   Thumb Code    24  usart.o(i.fputc)
    main                                     0x08004f05   Thumb Code   596  main.o(i.main)
    sin                                      0x08005211   Thumb Code   150  sin.o(i.sin)
    uart_init                                0x080052b1   Thumb Code   158  usart.o(i.uart_init)
    _get_lc_numeric                          0x08005359   Thumb Code    44  lc_numeric_c.o(locale$$code)
    __aeabi_d2f                              0x08005385   Thumb Code     0  d2f.o(x$fpl$d2f)
    _d2f                                     0x08005385   Thumb Code    98  d2f.o(x$fpl$d2f)
    __aeabi_dadd                             0x080053e9   Thumb Code     0  daddsub_clz.o(x$fpl$dadd)
    _dadd                                    0x080053e9   Thumb Code   332  daddsub_clz.o(x$fpl$dadd)
    __fpl_dcheck_NaN1                        0x08005539   Thumb Code    10  dcheck1.o(x$fpl$dcheck1)
    __aeabi_ddiv                             0x08005549   Thumb Code     0  ddiv.o(x$fpl$ddiv)
    _ddiv                                    0x08005549   Thumb Code   552  ddiv.o(x$fpl$ddiv)
    __aeabi_d2iz                             0x080057f9   Thumb Code     0  dfix.o(x$fpl$dfix)
    _dfix                                    0x080057f9   Thumb Code    94  dfix.o(x$fpl$dfix)
    __aeabi_d2uiz                            0x08005859   Thumb Code     0  dfixu.o(x$fpl$dfixu)
    _dfixu                                   0x08005859   Thumb Code    90  dfixu.o(x$fpl$dfixu)
    __aeabi_i2d                              0x080058b3   Thumb Code     0  dflt_clz.o(x$fpl$dflt)
    _dflt                                    0x080058b3   Thumb Code    46  dflt_clz.o(x$fpl$dflt)
    __aeabi_ui2d                             0x080058e1   Thumb Code     0  dflt_clz.o(x$fpl$dfltu)
    _dfltu                                   0x080058e1   Thumb Code    38  dflt_clz.o(x$fpl$dfltu)
    __aeabi_dmul                             0x08005909   Thumb Code     0  dmul.o(x$fpl$dmul)
    _dmul                                    0x08005909   Thumb Code   332  dmul.o(x$fpl$dmul)
    __fpl_dnaninf                            0x08005a5d   Thumb Code   156  dnaninf.o(x$fpl$dnaninf)
    __fpl_dretinf                            0x08005af9   Thumb Code    12  dretinf.o(x$fpl$dretinf)
    __aeabi_drsub                            0x08005b05   Thumb Code     0  daddsub_clz.o(x$fpl$drsb)
    _drsb                                    0x08005b05   Thumb Code    22  daddsub_clz.o(x$fpl$drsb)
    __aeabi_dsub                             0x08005b1d   Thumb Code     0  daddsub_clz.o(x$fpl$dsub)
    _dsub                                    0x08005b1d   Thumb Code   464  daddsub_clz.o(x$fpl$dsub)
    __aeabi_f2d                              0x08005cf1   Thumb Code     0  f2d.o(x$fpl$f2d)
    _f2d                                     0x08005cf1   Thumb Code    86  f2d.o(x$fpl$f2d)
    __aeabi_fadd                             0x08005d49   Thumb Code     0  faddsub_clz.o(x$fpl$fadd)
    _fadd                                    0x08005d49   Thumb Code   196  faddsub_clz.o(x$fpl$fadd)
    __fpl_fcmp_Inf                           0x08005e0d   Thumb Code    24  fcmpi.o(x$fpl$fcmpinf)
    __aeabi_fdiv                             0x08005e25   Thumb Code     0  fdiv.o(x$fpl$fdiv)
    _fdiv                                    0x08005e25   Thumb Code   384  fdiv.o(x$fpl$fdiv)
    __aeabi_i2f                              0x08005fa9   Thumb Code     0  fflt_clz.o(x$fpl$fflt)
    _fflt                                    0x08005fa9   Thumb Code    48  fflt_clz.o(x$fpl$fflt)
    __aeabi_ui2f                             0x08005fd9   Thumb Code     0  fflt_clz.o(x$fpl$ffltu)
    _ffltu                                   0x08005fd9   Thumb Code    38  fflt_clz.o(x$fpl$ffltu)
    __aeabi_cfcmple                          0x08006001   Thumb Code     0  fleqf.o(x$fpl$fleqf)
    _fcmple                                  0x08006001   Thumb Code   104  fleqf.o(x$fpl$fleqf)
    __fpl_fcmple_InfNaN                      0x08006053   Thumb Code     0  fleqf.o(x$fpl$fleqf)
    __aeabi_fmul                             0x08006069   Thumb Code     0  fmul.o(x$fpl$fmul)
    _fmul                                    0x08006069   Thumb Code   258  fmul.o(x$fpl$fmul)
    __fpl_fnaninf                            0x0800616b   Thumb Code   140  fnaninf.o(x$fpl$fnaninf)
    __fpl_fretinf                            0x080061f7   Thumb Code    10  fretinf.o(x$fpl$fretinf)
    __aeabi_cfrcmple                         0x08006201   Thumb Code     0  frleqf.o(x$fpl$frleqf)
    _frcmple                                 0x08006201   Thumb Code    98  frleqf.o(x$fpl$frleqf)
    __aeabi_fsub                             0x08006265   Thumb Code     0  faddsub_clz.o(x$fpl$fsub)
    _fsub                                    0x08006265   Thumb Code   234  faddsub_clz.o(x$fpl$fsub)
    _printf_fp_dec                           0x0800634f   Thumb Code     4  printf1.o(x$fpl$printf1)
    __fpl_return_NaN                         0x08006353   Thumb Code   100  retnan.o(x$fpl$retnan)
    __ARM_scalbn                             0x080063b7   Thumb Code    92  scalbn.o(x$fpl$scalbn)
    __fpl_cmpreturn                          0x08006413   Thumb Code    48  trapv.o(x$fpl$trapveneer)
    __I$use$fp                               0x08006442   Number         0  usenofp.o(x$fpl$usenofp)
    asc16                                    0x08006444   Data        1521  gui.o(.constdata)
    sz32                                     0x08006a35   Data        1921  gui.o(.constdata)
    hz16                                     0x080071b6   Data        1768  gui.o(.constdata)
    hz24                                     0x0800789e   Data        1406  gui.o(.constdata)
    Region$$Table$$Base                      0x08007fdc   Number         0  anon$$obj.o(Region$$Table)
    Region$$Table$$Limit                     0x08007ffc   Number         0  anon$$obj.o(Region$$Table)
    NowcountFreq                             0x20000018   Data           2  main.o(.data)
    LastcountFreq                            0x2000001a   Data           2  main.o(.data)
    NowcountAmpl                             0x2000001c   Data           2  main.o(.data)
    LastcountAmpl                            0x2000001e   Data           2  main.o(.data)
    SelectCount                              0x20000020   Data           1  main.o(.data)
    NowSelect                                0x20000021   Data           1  main.o(.data)
    StepFreq                                 0x20000022   Data           2  main.o(.data)
    StepAmpl                                 0x20000024   Data           2  main.o(.data)
    NowAmplOut                               0x20000026   Data           6  main.o(.data)
    NowFreqOut                               0x2000002c   Data          12  main.o(.data)
    NowCurrOut                               0x20000038   Data           6  main.o(.data)
    TempStrL                                 0x2000003e   Data          20  main.o(.data)
    TempStrR                                 0x20000052   Data          20  main.o(.data)
    __stdout                                 0x20000068   Data           4  usart.o(.data)
    USART_RX_STA                             0x2000006c   Data           2  usart.o(.data)
    Flag_TaskTemp                            0x2000006e   Data           1  tasktimer.o(.data)
    Flag_TaskPower                           0x2000006f   Data           1  tasktimer.o(.data)
    Flag_TaskCurrent                         0x20000070   Data           1  tasktimer.o(.data)
    Flag_TaskReadEncode                      0x20000071   Data           1  tasktimer.o(.data)
    Flag_TaskDisplayUpdate                   0x20000072   Data           1  tasktimer.o(.data)
    Flag_TaskDataDtorage                     0x20000073   Data           1  tasktimer.o(.data)
    Flag_TaskOutputControl                   0x20000074   Data           1  tasktimer.o(.data)
    Count_TaskTemp                           0x20000075   Data           1  tasktimer.o(.data)
    Count_TaskPower                          0x20000076   Data           1  tasktimer.o(.data)
    Count_TaskDisplay                        0x20000077   Data           1  tasktimer.o(.data)
    SPWMState1                               0x20000078   Data           1  pidcontrolspwm.o(.data)
    SPWMState2                               0x20000079   Data           1  pidcontrolspwm.o(.data)
    SPWMState3                               0x2000007a   Data           1  pidcontrolspwm.o(.data)
    PointCount1                              0x2000007b   Data           1  pidcontrolspwm.o(.data)
    PointCount2                              0x2000007c   Data           1  pidcontrolspwm.o(.data)
    PointCount3                              0x2000007d   Data           1  pidcontrolspwm.o(.data)
    HighOutput1                              0x2000007e   Data           1  pidcontrolspwm.o(.data)
    LowOutput1                               0x2000007f   Data           1  pidcontrolspwm.o(.data)
    HighOutput2                              0x20000080   Data           1  pidcontrolspwm.o(.data)
    LowOutput2                               0x20000081   Data           1  pidcontrolspwm.o(.data)
    HighOutput3                              0x20000082   Data           1  pidcontrolspwm.o(.data)
    LowOutput3                               0x20000083   Data           1  pidcontrolspwm.o(.data)
    OC1OutputEnable                          0x20000084   Data           1  pidcontrolspwm.o(.data)
    OC2OutputEnable                          0x20000085   Data           1  pidcontrolspwm.o(.data)
    OC3OutputEnable                          0x20000086   Data           1  pidcontrolspwm.o(.data)
    TableOffset                              0x20000088   Data           2  pidcontrolspwm.o(.data)
    SystemCoreClock                          0x20000090   Data           4  system_stm32f10x.o(.data)
    AHBPrescTable                            0x20000094   Data          16  system_stm32f10x.o(.data)
    USART_RX_BUF                             0x200000a4   Data         200  usart.o(.bss)
    Sin_Table                                0x2000016c   Data        1230  pidcontrolspwm.o(.bss)
    __libspace_start                         0x2000063c   Data          96  libspace.o(.bss)
    __temporary_stack_top$libspace           0x2000069c   Data           0  libspace.o(.bss)



==============================================================================

Memory Map of the image

  Image Entry point : 0x08000131

  Load Region LR_IROM1 (Base: 0x08000000, Size: 0x000080bc, Max: 0x00040000, ABSOLUTE)

    Execution Region ER_IROM1 (Exec base: 0x08000000, Load base: 0x08000000, Size: 0x00008018, Max: 0x00040000, ABSOLUTE)

    Exec Addr    Load Addr    Size         Type   Attr      Idx    E Section Name        Object

    0x08000000   0x08000000   0x00000130   Data   RO         3329    RESET               startup_stm32f10x_hd.o
    0x08000130   0x08000130   0x00000008   Code   RO         3372  * !!!main             c_w.l(__main.o)
    0x08000138   0x08000138   0x00000034   Code   RO         3703    !!!scatter          c_w.l(__scatter.o)
    0x0800016c   0x0800016c   0x0000001a   Code   RO         3705    !!handler_copy      c_w.l(__scatter_copy.o)
    0x08000186   0x08000186   0x00000002   PAD
    0x08000188   0x08000188   0x0000001c   Code   RO         3707    !!handler_zi        c_w.l(__scatter_zi.o)
    0x080001a4   0x080001a4   0x00000000   Code   RO         3369    .ARM.Collect$$_printf_percent$$00000000  c_w.l(_printf_percent.o)
    0x080001a4   0x080001a4   0x00000006   Code   RO         3368    .ARM.Collect$$_printf_percent$$00000003  c_w.l(_printf_f.o)
    0x080001aa   0x080001aa   0x00000004   Code   RO         3443    .ARM.Collect$$_printf_percent$$00000017  c_w.l(_printf_percent_end.o)
    0x080001ae   0x080001ae   0x00000002   Code   RO         3574    .ARM.Collect$$libinit$$00000000  c_w.l(libinit.o)
    0x080001b0   0x080001b0   0x00000000   Code   RO         3576    .ARM.Collect$$libinit$$00000002  c_w.l(libinit2.o)
    0x080001b0   0x080001b0   0x00000000   Code   RO         3578    .ARM.Collect$$libinit$$00000004  c_w.l(libinit2.o)
    0x080001b0   0x080001b0   0x00000000   Code   RO         3581    .ARM.Collect$$libinit$$0000000A  c_w.l(libinit2.o)
    0x080001b0   0x080001b0   0x00000000   Code   RO         3583    .ARM.Collect$$libinit$$0000000C  c_w.l(libinit2.o)
    0x080001b0   0x080001b0   0x00000000   Code   RO         3585    .ARM.Collect$$libinit$$0000000E  c_w.l(libinit2.o)
    0x080001b0   0x080001b0   0x00000006   Code   RO         3586    .ARM.Collect$$libinit$$0000000F  c_w.l(libinit2.o)
    0x080001b6   0x080001b6   0x00000000   Code   RO         3588    .ARM.Collect$$libinit$$00000011  c_w.l(libinit2.o)
    0x080001b6   0x080001b6   0x00000000   Code   RO         3590    .ARM.Collect$$libinit$$00000013  c_w.l(libinit2.o)
    0x080001b6   0x080001b6   0x00000000   Code   RO         3592    .ARM.Collect$$libinit$$00000015  c_w.l(libinit2.o)
    0x080001b6   0x080001b6   0x0000000a   Code   RO         3593    .ARM.Collect$$libinit$$00000016  c_w.l(libinit2.o)
    0x080001c0   0x080001c0   0x00000000   Code   RO         3594    .ARM.Collect$$libinit$$00000017  c_w.l(libinit2.o)
    0x080001c0   0x080001c0   0x00000000   Code   RO         3596    .ARM.Collect$$libinit$$00000019  c_w.l(libinit2.o)
    0x080001c0   0x080001c0   0x00000000   Code   RO         3598    .ARM.Collect$$libinit$$0000001B  c_w.l(libinit2.o)
    0x080001c0   0x080001c0   0x00000000   Code   RO         3600    .ARM.Collect$$libinit$$0000001D  c_w.l(libinit2.o)
    0x080001c0   0x080001c0   0x00000000   Code   RO         3602    .ARM.Collect$$libinit$$0000001F  c_w.l(libinit2.o)
    0x080001c0   0x080001c0   0x00000000   Code   RO         3604    .ARM.Collect$$libinit$$00000021  c_w.l(libinit2.o)
    0x080001c0   0x080001c0   0x00000000   Code   RO         3606    .ARM.Collect$$libinit$$00000023  c_w.l(libinit2.o)
    0x080001c0   0x080001c0   0x00000000   Code   RO         3608    .ARM.Collect$$libinit$$00000025  c_w.l(libinit2.o)
    0x080001c0   0x080001c0   0x00000000   Code   RO         3612    .ARM.Collect$$libinit$$0000002C  c_w.l(libinit2.o)
    0x080001c0   0x080001c0   0x00000000   Code   RO         3614    .ARM.Collect$$libinit$$0000002E  c_w.l(libinit2.o)
    0x080001c0   0x080001c0   0x00000000   Code   RO         3616    .ARM.Collect$$libinit$$00000030  c_w.l(libinit2.o)
    0x080001c0   0x080001c0   0x00000000   Code   RO         3618    .ARM.Collect$$libinit$$00000032  c_w.l(libinit2.o)
    0x080001c0   0x080001c0   0x00000002   Code   RO         3619    .ARM.Collect$$libinit$$00000033  c_w.l(libinit2.o)
    0x080001c2   0x080001c2   0x00000002   Code   RO         3653    .ARM.Collect$$libshutdown$$00000000  c_w.l(libshutdown.o)
    0x080001c4   0x080001c4   0x00000000   Code   RO         3662    .ARM.Collect$$libshutdown$$00000002  c_w.l(libshutdown2.o)
    0x080001c4   0x080001c4   0x00000000   Code   RO         3664    .ARM.Collect$$libshutdown$$00000004  c_w.l(libshutdown2.o)
    0x080001c4   0x080001c4   0x00000000   Code   RO         3667    .ARM.Collect$$libshutdown$$00000007  c_w.l(libshutdown2.o)
    0x080001c4   0x080001c4   0x00000000   Code   RO         3670    .ARM.Collect$$libshutdown$$0000000A  c_w.l(libshutdown2.o)
    0x080001c4   0x080001c4   0x00000000   Code   RO         3672    .ARM.Collect$$libshutdown$$0000000C  c_w.l(libshutdown2.o)
    0x080001c4   0x080001c4   0x00000000   Code   RO         3675    .ARM.Collect$$libshutdown$$0000000F  c_w.l(libshutdown2.o)
    0x080001c4   0x080001c4   0x00000002   Code   RO         3676    .ARM.Collect$$libshutdown$$00000010  c_w.l(libshutdown2.o)
    0x080001c6   0x080001c6   0x00000000   Code   RO         3432    .ARM.Collect$$rtentry$$00000000  c_w.l(__rtentry.o)
    0x080001c6   0x080001c6   0x00000000   Code   RO         3484    .ARM.Collect$$rtentry$$00000002  c_w.l(__rtentry2.o)
    0x080001c6   0x080001c6   0x00000006   Code   RO         3496    .ARM.Collect$$rtentry$$00000004  c_w.l(__rtentry4.o)
    0x080001cc   0x080001cc   0x00000000   Code   RO         3486    .ARM.Collect$$rtentry$$00000009  c_w.l(__rtentry2.o)
    0x080001cc   0x080001cc   0x00000004   Code   RO         3487    .ARM.Collect$$rtentry$$0000000A  c_w.l(__rtentry2.o)
    0x080001d0   0x080001d0   0x00000000   Code   RO         3489    .ARM.Collect$$rtentry$$0000000C  c_w.l(__rtentry2.o)
    0x080001d0   0x080001d0   0x00000008   Code   RO         3490    .ARM.Collect$$rtentry$$0000000D  c_w.l(__rtentry2.o)
    0x080001d8   0x080001d8   0x00000002   Code   RO         3622    .ARM.Collect$$rtexit$$00000000  c_w.l(rtexit.o)
    0x080001da   0x080001da   0x00000000   Code   RO         3631    .ARM.Collect$$rtexit$$00000002  c_w.l(rtexit2.o)
    0x080001da   0x080001da   0x00000004   Code   RO         3632    .ARM.Collect$$rtexit$$00000003  c_w.l(rtexit2.o)
    0x080001de   0x080001de   0x00000006   Code   RO         3633    .ARM.Collect$$rtexit$$00000004  c_w.l(rtexit2.o)
    0x080001e4   0x080001e4   0x00000040   Code   RO         3330    .text               startup_stm32f10x_hd.o
    0x08000224   0x08000224   0x00000002   Code   RO         3336    .text               c_w.l(use_no_semi_2.o)
    0x08000226   0x08000226   0x00000002   PAD
    0x08000228   0x08000228   0x00000018   Code   RO         3342    .text               c_w.l(noretval__2printf.o)
    0x08000240   0x08000240   0x00000028   Code   RO         3344    .text               c_w.l(noretval__2sprintf.o)
    0x08000268   0x08000268   0x00000068   Code   RO         3346    .text               c_w.l(__printf.o)
    0x080002d0   0x080002d0   0x00000006   Code   RO         3370    .text               c_w.l(heapauxi.o)
    0x080002d6   0x080002d6   0x00000002   Code   RO         3430    .text               c_w.l(use_no_semi.o)
    0x080002d8   0x080002d8   0x00000016   Code   RO         3433    .text               c_w.l(_rserrno.o)
    0x080002ee   0x080002ee   0x0000041e   Code   RO         3435    .text               c_w.l(_printf_fp_dec.o)
    0x0800070c   0x0800070c   0x00000030   Code   RO         3437    .text               c_w.l(_printf_char_common.o)
    0x0800073c   0x0800073c   0x0000000a   Code   RO         3439    .text               c_w.l(_sputc.o)
    0x08000746   0x08000746   0x00000002   PAD
    0x08000748   0x08000748   0x00000024   Code   RO         3441    .text               c_w.l(_printf_char_file.o)
    0x0800076c   0x0800076c   0x00000008   Code   RO         3501    .text               c_w.l(rt_locale_intlibspace.o)
    0x08000774   0x08000774   0x00000008   Code   RO         3506    .text               c_w.l(rt_errno_addr_intlibspace.o)
    0x0800077c   0x0800077c   0x0000008a   Code   RO         3508    .text               c_w.l(lludiv10.o)
    0x08000806   0x08000806   0x00000002   PAD
    0x08000808   0x08000808   0x00000080   Code   RO         3510    .text               c_w.l(_printf_fp_infnan.o)
    0x08000888   0x08000888   0x000000e4   Code   RO         3514    .text               c_w.l(bigflt0.o)
    0x0800096c   0x0800096c   0x00000008   Code   RO         3539    .text               c_w.l(ferror.o)
    0x08000974   0x08000974   0x00000008   Code   RO         3560    .text               c_w.l(libspace.o)
    0x0800097c   0x0800097c   0x0000004a   Code   RO         3563    .text               c_w.l(sys_stackheap_outer.o)
    0x080009c6   0x080009c6   0x00000012   Code   RO         3565    .text               c_w.l(exit.o)
    0x080009d8   0x080009d8   0x00000080   Code   RO         3567    .text               c_w.l(strcmpv7m.o)
    0x08000a58   0x08000a58   0x0000003e   Code   RO         3517    CL$$btod_d2e        c_w.l(btod.o)
    0x08000a96   0x08000a96   0x00000046   Code   RO         3519    CL$$btod_d2e_denorm_low  c_w.l(btod.o)
    0x08000adc   0x08000adc   0x00000060   Code   RO         3518    CL$$btod_d2e_norm_op1  c_w.l(btod.o)
    0x08000b3c   0x08000b3c   0x00000338   Code   RO         3527    CL$$btod_div_common  c_w.l(btod.o)
    0x08000e74   0x08000e74   0x000000dc   Code   RO         3524    CL$$btod_e2e        c_w.l(btod.o)
    0x08000f50   0x08000f50   0x0000002a   Code   RO         3521    CL$$btod_ediv       c_w.l(btod.o)
    0x08000f7a   0x08000f7a   0x0000002a   Code   RO         3520    CL$$btod_emul       c_w.l(btod.o)
    0x08000fa4   0x08000fa4   0x00000244   Code   RO         3526    CL$$btod_mult_common  c_w.l(btod.o)
    0x080011e8   0x080011e8   0x00000016   Code   RO          131    i.ADC_Cmd           stm32f10x_adc.o
    0x080011fe   0x080011fe   0x00000014   Code   RO          139    i.ADC_GetCalibrationStatus  stm32f10x_adc.o
    0x08001212   0x08001212   0x00000008   Code   RO          140    i.ADC_GetConversionValue  stm32f10x_adc.o
    0x0800121a   0x0800121a   0x00000012   Code   RO          142    i.ADC_GetFlagStatus  stm32f10x_adc.o
    0x0800122c   0x0800122c   0x00000014   Code   RO          145    i.ADC_GetResetCalibrationStatus  stm32f10x_adc.o
    0x08001240   0x08001240   0x00000050   Code   RO          149    i.ADC_Init          stm32f10x_adc.o
    0x08001290   0x08001290   0x000000b8   Code   RO          153    i.ADC_RegularChannelConfig  stm32f10x_adc.o
    0x08001348   0x08001348   0x0000000a   Code   RO          154    i.ADC_ResetCalibration  stm32f10x_adc.o
    0x08001352   0x08001352   0x00000016   Code   RO          156    i.ADC_SoftwareStartConvCmd  stm32f10x_adc.o
    0x08001368   0x08001368   0x0000000a   Code   RO          158    i.ADC_StartCalibration  stm32f10x_adc.o
    0x08001372   0x08001372   0x00000002   PAD
    0x08001374   0x08001374   0x00000034   Code   RO         2906    i.BUZZ_Init         commongpio.o
    0x080013a8   0x080013a8   0x00000004   Code   RO         3230    i.BusFault_Handler  stm32f10x_it.o
    0x080013ac   0x080013ac   0x000000a0   Code   RO         2852    i.CurrentADC_Init   currentsensoradc.o
    0x0800144c   0x0800144c   0x00000002   Code   RO         3231    i.DebugMon_Handler  stm32f10x_it.o
    0x0800144e   0x0800144e   0x00000002   PAD
    0x08001450   0x08001450   0x00000128   Code   RO         2711    i.EC11Encoder_Init  encoder.o
    0x08001578   0x08001578   0x00000184   Code   RO         2489    i.EXTI15_10_IRQHandler  main.o
    0x080016fc   0x080016fc   0x00000070   Code   RO         2490    i.EXTI3_IRQHandler  main.o
    0x0800176c   0x0800176c   0x00000070   Code   RO         2491    i.EXTI9_5_IRQHandler  main.o
    0x080017dc   0x080017dc   0x0000000c   Code   RO          348    i.EXTI_ClearITPendingBit  stm32f10x_exti.o
    0x080017e8   0x080017e8   0x00000094   Code   RO          353    i.EXTI_Init         stm32f10x_exti.o
    0x0800187c   0x0800187c   0x00000038   Code   RO         2907    i.FANControl_Init   commongpio.o
    0x080018b4   0x080018b4   0x00000040   Code   RO          698    i.GPIO_EXTILineConfig  stm32f10x_gpio.o
    0x080018f4   0x080018f4   0x00000116   Code   RO          701    i.GPIO_Init         stm32f10x_gpio.o
    0x08001a0a   0x08001a0a   0x00000004   Code   RO          708    i.GPIO_ResetBits    stm32f10x_gpio.o
    0x08001a0e   0x08001a0e   0x00000004   Code   RO          709    i.GPIO_SetBits      stm32f10x_gpio.o
    0x08001a12   0x08001a12   0x00000002   PAD
    0x08001a14   0x08001a14   0x00000034   Code   RO         2853    i.GetCurrent_Adc    currentsensoradc.o
    0x08001a48   0x08001a48   0x0000002e   Code   RO         2854    i.GetCurrent_Adc_Average  currentsensoradc.o
    0x08001a76   0x08001a76   0x00000002   PAD
    0x08001a78   0x08001a78   0x00000034   Code   RO         2855    i.GetPower_Adc      currentsensoradc.o
    0x08001aac   0x08001aac   0x0000002e   Code   RO         2856    i.GetPower_Adc_Average  currentsensoradc.o
    0x08001ada   0x08001ada   0x00000002   PAD
    0x08001adc   0x08001adc   0x0000019c   Code   RO         3139    i.Gui_DrawFont_GBK16  gui.o
    0x08001c78   0x08001c78   0x00000070   Code   RO         3143    i.Gui_DrawNum32_GBK16  gui.o
    0x08001ce8   0x08001ce8   0x00000078   Code   RO         3144    i.Gui_DrawNum_GBK16  gui.o
    0x08001d60   0x08001d60   0x00000018   Code   RO         2747    i.Gui_DrawPoint     lcddisplay.o
    0x08001d78   0x08001d78   0x00000004   Code   RO         3232    i.HardFault_Handler  stm32f10x_it.o
    0x08001d7c   0x08001d7c   0x0000017c   Code   RO         2492    i.HistoryDataCheck  main.o
    0x08001ef8   0x08001ef8   0x00000050   Code   RO         2943    i.I2CStorage_Ack    i2cequipment.o
    0x08001f48   0x08001f48   0x00000050   Code   RO         2944    i.I2CStorage_NAck   i2cequipment.o
    0x08001f98   0x08001f98   0x00000070   Code   RO         2945    i.I2CStorage_Read_Byte  i2cequipment.o
    0x08002008   0x08002008   0x00000068   Code   RO         2946    i.I2CStorage_Send_Byte  i2cequipment.o
    0x08002070   0x08002070   0x0000004c   Code   RO         2947    i.I2CStorage_Start  i2cequipment.o
    0x080020bc   0x080020bc   0x0000004c   Code   RO         2948    i.I2CStorage_Stop   i2cequipment.o
    0x08002108   0x08002108   0x00000064   Code   RO         2949    i.I2CStorage_Wait_Ack  i2cequipment.o
    0x0800216c   0x0800216c   0x0000004c   Code   RO         2950    i.I2CTemp_Ack       i2cequipment.o
    0x080021b8   0x080021b8   0x0000004c   Code   RO         2951    i.I2CTemp_NAck      i2cequipment.o
    0x08002204   0x08002204   0x00000070   Code   RO         2952    i.I2CTemp_Read_Byte  i2cequipment.o
    0x08002274   0x08002274   0x00000064   Code   RO         2953    i.I2CTemp_Send_Byte  i2cequipment.o
    0x080022d8   0x080022d8   0x0000004c   Code   RO         2954    i.I2CTemp_Start     i2cequipment.o
    0x08002324   0x08002324   0x00000048   Code   RO         2955    i.I2CTemp_Stop      i2cequipment.o
    0x0800236c   0x0800236c   0x00000064   Code   RO         2956    i.I2CTemp_Wait_Ack  i2cequipment.o
    0x080023d0   0x080023d0   0x000000b4   Code   RO         2908    i.KEY_Init          commongpio.o
    0x08002484   0x08002484   0x0000002c   Code   RO         2748    i.LCD_GPIO_Init     lcddisplay.o
    0x080024b0   0x080024b0   0x00000074   Code   RO         2910    i.LED_Init          commongpio.o
    0x08002524   0x08002524   0x000001d0   Code   RO         2750    i.LcdDisplay_Init   lcddisplay.o
    0x080026f4   0x080026f4   0x00000048   Code   RO         2751    i.Lcd_Clear         lcddisplay.o
    0x0800273c   0x0800273c   0x00000210   Code   RO         2752    i.Lcd_Init          lcddisplay.o
    0x0800294c   0x0800294c   0x00000028   Code   RO         2753    i.Lcd_Reset         lcddisplay.o
    0x08002974   0x08002974   0x00000036   Code   RO         2754    i.Lcd_SetRegion     lcddisplay.o
    0x080029aa   0x080029aa   0x0000002e   Code   RO         2755    i.Lcd_SetXY         lcddisplay.o
    0x080029d8   0x080029d8   0x00000028   Code   RO         2756    i.Lcd_WriteData     lcddisplay.o
    0x08002a00   0x08002a00   0x00000012   Code   RO         2757    i.Lcd_WriteData_16Bit  lcddisplay.o
    0x08002a12   0x08002a12   0x00000002   PAD
    0x08002a14   0x08002a14   0x00000028   Code   RO         2758    i.Lcd_WriteIndex    lcddisplay.o
    0x08002a3c   0x08002a3c   0x00000004   Code   RO         3233    i.MemManage_Handler  stm32f10x_it.o
    0x08002a40   0x08002a40   0x00000002   Code   RO         3234    i.NMI_Handler       stm32f10x_it.o
    0x08002a42   0x08002a42   0x00000002   PAD
    0x08002a44   0x08002a44   0x00000070   Code   RO            1    i.NVIC_Init         misc.o
    0x08002ab4   0x08002ab4   0x00000014   Code   RO            2    i.NVIC_PriorityGroupConfig  misc.o
    0x08002ac8   0x08002ac8   0x00000138   Code   RO         2685    i.PWM_Time8Init     pwmtimer.o
    0x08002c00   0x08002c00   0x00000002   Code   RO         3235    i.PendSV_Handler    stm32f10x_it.o
    0x08002c02   0x08002c02   0x00000002   PAD
    0x08002c04   0x08002c04   0x00000018   Code   RO         1055    i.RCC_ADCCLKConfig  stm32f10x_rcc.o
    0x08002c1c   0x08002c1c   0x00000020   Code   RO         1057    i.RCC_APB1PeriphClockCmd  stm32f10x_rcc.o
    0x08002c3c   0x08002c3c   0x00000020   Code   RO         1058    i.RCC_APB1PeriphResetCmd  stm32f10x_rcc.o
    0x08002c5c   0x08002c5c   0x00000020   Code   RO         1059    i.RCC_APB2PeriphClockCmd  stm32f10x_rcc.o
    0x08002c7c   0x08002c7c   0x00000020   Code   RO         1060    i.RCC_APB2PeriphResetCmd  stm32f10x_rcc.o
    0x08002c9c   0x08002c9c   0x000000d4   Code   RO         1067    i.RCC_GetClocksFreq  stm32f10x_rcc.o
    0x08002d70   0x08002d70   0x0000009c   Code   RO         2857    i.ReadCurrent       currentsensoradc.o
    0x08002e0c   0x08002e0c   0x00000048   Code   RO         2858    i.ReadPowerVoltage  currentsensoradc.o
    0x08002e54   0x08002e54   0x000000c8   Code   RO         2957    i.ReadTemperature   i2cequipment.o
    0x08002f1c   0x08002f1c   0x00000040   Code   RO         2762    i.SPIv_WriteData    lcddisplay.o
    0x08002f5c   0x08002f5c   0x000000ec   Code   RO         3093    i.SPWM_TimeInit     pidcontrolspwm.o
    0x08003048   0x08003048   0x00000002   Code   RO         3236    i.SVC_Handler       stm32f10x_it.o
    0x0800304a   0x0800304a   0x00000008   Code   RO         3293    i.SetSysClock       system_stm32f10x.o
    0x08003052   0x08003052   0x00000002   PAD
    0x08003054   0x08003054   0x000000e0   Code   RO         3294    i.SetSysClockTo72   system_stm32f10x.o
    0x08003134   0x08003134   0x0000002c   Code   RO         2958    i.StorageI2C_Init   i2cequipment.o
    0x08003160   0x08003160   0x00000054   Code   RO         2960    i.StorageReadOneByte  i2cequipment.o
    0x080031b4   0x080031b4   0x0000004c   Code   RO         2962    i.StorageWriteOneByte  i2cequipment.o
    0x08003200   0x08003200   0x00000094   Code   RO         2859    i.SupplyVoltageADC_Init  currentsensoradc.o
    0x08003294   0x08003294   0x00000028   Code   RO            5    i.SysTick_CLKSourceConfig  misc.o
    0x080032bc   0x080032bc   0x00000002   Code   RO         3237    i.SysTick_Handler   stm32f10x_it.o
    0x080032be   0x080032be   0x00000002   PAD
    0x080032c0   0x080032c0   0x00000060   Code   RO         3296    i.SystemInit        system_stm32f10x.o
    0x08003320   0x08003320   0x00000078   Code   RO         2723    i.TIM1_UP_IRQHandler  tasktimer.o
    0x08003398   0x08003398   0x00000190   Code   RO         3094    i.TIM3_IRQHandler   pidcontrolspwm.o
    0x08003528   0x08003528   0x00000190   Code   RO         3095    i.TIM6_IRQHandler   pidcontrolspwm.o
    0x080036b8   0x080036b8   0x00000190   Code   RO         3096    i.TIM7_IRQHandler   pidcontrolspwm.o
    0x08003848   0x08003848   0x00000018   Code   RO         1679    i.TIM_ARRPreloadConfig  stm32f10x_tim.o
    0x08003860   0x08003860   0x00000020   Code   RO         1680    i.TIM_BDTRConfig    stm32f10x_tim.o
    0x08003880   0x08003880   0x00000006   Code   RO         1685    i.TIM_ClearFlag     stm32f10x_tim.o
    0x08003886   0x08003886   0x00000006   Code   RO         1686    i.TIM_ClearITPendingBit  stm32f10x_tim.o
    0x0800388c   0x0800388c   0x00000018   Code   RO         1691    i.TIM_Cmd           stm32f10x_tim.o
    0x080038a4   0x080038a4   0x0000001e   Code   RO         1693    i.TIM_CtrlPWMOutputs  stm32f10x_tim.o
    0x080038c2   0x080038c2   0x00000042   Code   RO         1700    i.TIM_EncoderInterfaceConfig  stm32f10x_tim.o
    0x08003904   0x08003904   0x00000006   Code   RO         1710    i.TIM_GetCounter    stm32f10x_tim.o
    0x0800390a   0x0800390a   0x00000022   Code   RO         1712    i.TIM_GetITStatus   stm32f10x_tim.o
    0x0800392c   0x0800392c   0x00000012   Code   RO         1716    i.TIM_ITConfig      stm32f10x_tim.o
    0x0800393e   0x0800393e   0x00000002   PAD
    0x08003940   0x08003940   0x00000098   Code   RO         1720    i.TIM_OC1Init       stm32f10x_tim.o
    0x080039d8   0x080039d8   0x00000012   Code   RO         1723    i.TIM_OC1PreloadConfig  stm32f10x_tim.o
    0x080039ea   0x080039ea   0x00000002   PAD
    0x080039ec   0x080039ec   0x000000a4   Code   RO         1725    i.TIM_OC2Init       stm32f10x_tim.o
    0x08003a90   0x08003a90   0x0000001a   Code   RO         1728    i.TIM_OC2PreloadConfig  stm32f10x_tim.o
    0x08003aaa   0x08003aaa   0x00000002   PAD
    0x08003aac   0x08003aac   0x000000a0   Code   RO         1730    i.TIM_OC3Init       stm32f10x_tim.o
    0x08003b4c   0x08003b4c   0x00000012   Code   RO         1733    i.TIM_OC3PreloadConfig  stm32f10x_tim.o
    0x08003b5e   0x08003b5e   0x00000002   PAD
    0x08003b60   0x08003b60   0x000000a4   Code   RO         1762    i.TIM_TimeBaseInit  stm32f10x_tim.o
    0x08003c04   0x08003c04   0x0000017c   Code   RO         2493    i.TaskDataDtorage   main.o
    0x08003d80   0x08003d80   0x000001fc   Code   RO         2494    i.TaskDisplayUpdate  main.o
    0x08003f7c   0x08003f7c   0x00000130   Code   RO         2495    i.TaskEncodeUpdate_Ampl  main.o
    0x080040ac   0x080040ac   0x00000130   Code   RO         2496    i.TaskEncodeUpdate_Freq  main.o
    0x080041dc   0x080041dc   0x00000058   Code   RO         2499    i.TaskSwitchSelectSwitch  main.o
    0x08004234   0x08004234   0x0000006c   Code   RO         2724    i.TaskTime_Init     tasktimer.o
    0x080042a0   0x080042a0   0x00000088   Code   RO         2643    i.USART1_IRQHandler  usart.o
    0x08004328   0x08004328   0x00000020   Code   RO         3076    i.USART2_IRQHandler  serialportnetwork.o
    0x08004348   0x08004348   0x00000018   Code   RO         2227    i.USART_Cmd         stm32f10x_usart.o
    0x08004360   0x08004360   0x0000009c   Code   RO         2229    i.USART_DeInit      stm32f10x_usart.o
    0x080043fc   0x080043fc   0x00000054   Code   RO         2231    i.USART_GetITStatus  stm32f10x_usart.o
    0x08004450   0x08004450   0x0000004a   Code   RO         2233    i.USART_ITConfig    stm32f10x_usart.o
    0x0800449a   0x0800449a   0x00000002   PAD
    0x0800449c   0x0800449c   0x000000d8   Code   RO         2234    i.USART_Init        stm32f10x_usart.o
    0x08004574   0x08004574   0x0000000a   Code   RO         2241    i.USART_ReceiveData  stm32f10x_usart.o
    0x0800457e   0x0800457e   0x00000002   PAD
    0x08004580   0x08004580   0x0000021c   Code   RO         3097    i.UpdateSinTable    pidcontrolspwm.o
    0x0800479c   0x0800479c   0x00000004   Code   RO         3238    i.UsageFault_Handler  stm32f10x_it.o
    0x080047a0   0x080047a0   0x00000028   Code   RO         3556    i.__ARM_fpclassify  m_ws.l(fpclassify.o)
    0x080047c8   0x080047c8   0x00000388   Code   RO         3472    i.__ieee754_rem_pio2  m_ws.l(rred.o)
    0x08004b50   0x08004b50   0x000000fc   Code   RO         3455    i.__kernel_cos      m_ws.l(cos_i.o)
    0x08004c4c   0x08004c4c   0x000000aa   Code   RO         3558    i.__kernel_poly     m_ws.l(poly.o)
    0x08004cf6   0x08004cf6   0x00000002   PAD
    0x08004cf8   0x08004cf8   0x000000ec   Code   RO         3477    i.__kernel_sin      m_ws.l(sin_i.o)
    0x08004de4   0x08004de4   0x00000006   Code   RO         3459    i.__mathlib_dbl_infnan  m_ws.l(dunder.o)
    0x08004dea   0x08004dea   0x0000000c   Code   RO         3461    i.__mathlib_dbl_invalid  m_ws.l(dunder.o)
    0x08004df6   0x08004df6   0x00000002   PAD
    0x08004df8   0x08004df8   0x00000010   Code   RO         3464    i.__mathlib_dbl_underflow  m_ws.l(dunder.o)
    0x08004e08   0x08004e08   0x00000004   Code   RO         2644    i._sys_exit         usart.o
    0x08004e0c   0x08004e0c   0x00000044   Code   RO         2457    i.delay_init        delay.o
    0x08004e50   0x08004e50   0x0000004c   Code   RO         2458    i.delay_ms          delay.o
    0x08004e9c   0x08004e9c   0x0000004c   Code   RO         2459    i.delay_us          delay.o
    0x08004ee8   0x08004ee8   0x0000001c   Code   RO         2645    i.fputc             usart.o
    0x08004f04   0x08004f04   0x0000030c   Code   RO         2500    i.main              main.o
    0x08005210   0x08005210   0x000000a0   Code   RO         3423    i.sin               m_ws.l(sin.o)
    0x080052b0   0x080052b0   0x000000a8   Code   RO         2646    i.uart_init         usart.o
    0x08005358   0x08005358   0x0000002c   Code   RO         3544    locale$$code        c_w.l(lc_numeric_c.o)
    0x08005384   0x08005384   0x00000062   Code   RO         3374    x$fpl$d2f           fz_ws.l(d2f.o)
    0x080053e6   0x080053e6   0x00000002   PAD
    0x080053e8   0x080053e8   0x00000150   Code   RO         3376    x$fpl$dadd          fz_ws.l(daddsub_clz.o)
    0x08005538   0x08005538   0x00000010   Code   RO         3620    x$fpl$dcheck1       fz_ws.l(dcheck1.o)
    0x08005548   0x08005548   0x000002b0   Code   RO         3383    x$fpl$ddiv          fz_ws.l(ddiv.o)
    0x080057f8   0x080057f8   0x0000005e   Code   RO         3546    x$fpl$dfix          fz_ws.l(dfix.o)
    0x08005856   0x08005856   0x00000002   PAD
    0x08005858   0x08005858   0x0000005a   Code   RO         3386    x$fpl$dfixu         fz_ws.l(dfixu.o)
    0x080058b2   0x080058b2   0x0000002e   Code   RO         3391    x$fpl$dflt          fz_ws.l(dflt_clz.o)
    0x080058e0   0x080058e0   0x00000026   Code   RO         3390    x$fpl$dfltu         fz_ws.l(dflt_clz.o)
    0x08005906   0x08005906   0x00000002   PAD
    0x08005908   0x08005908   0x00000154   Code   RO         3396    x$fpl$dmul          fz_ws.l(dmul.o)
    0x08005a5c   0x08005a5c   0x0000009c   Code   RO         3444    x$fpl$dnaninf       fz_ws.l(dnaninf.o)
    0x08005af8   0x08005af8   0x0000000c   Code   RO         3446    x$fpl$dretinf       fz_ws.l(dretinf.o)
    0x08005b04   0x08005b04   0x00000016   Code   RO         3377    x$fpl$drsb          fz_ws.l(daddsub_clz.o)
    0x08005b1a   0x08005b1a   0x00000002   PAD
    0x08005b1c   0x08005b1c   0x000001d4   Code   RO         3378    x$fpl$dsub          fz_ws.l(daddsub_clz.o)
    0x08005cf0   0x08005cf0   0x00000056   Code   RO         3398    x$fpl$f2d           fz_ws.l(f2d.o)
    0x08005d46   0x08005d46   0x00000002   PAD
    0x08005d48   0x08005d48   0x000000c4   Code   RO         3400    x$fpl$fadd          fz_ws.l(faddsub_clz.o)
    0x08005e0c   0x08005e0c   0x00000018   Code   RO         3550    x$fpl$fcmpinf       fz_ws.l(fcmpi.o)
    0x08005e24   0x08005e24   0x00000184   Code   RO         3407    x$fpl$fdiv          fz_ws.l(fdiv.o)
    0x08005fa8   0x08005fa8   0x00000030   Code   RO         3411    x$fpl$fflt          fz_ws.l(fflt_clz.o)
    0x08005fd8   0x08005fd8   0x00000026   Code   RO         3410    x$fpl$ffltu         fz_ws.l(fflt_clz.o)
    0x08005ffe   0x08005ffe   0x00000002   PAD
    0x08006000   0x08006000   0x00000068   Code   RO         3448    x$fpl$fleqf         fz_ws.l(fleqf.o)
    0x08006068   0x08006068   0x00000102   Code   RO         3416    x$fpl$fmul          fz_ws.l(fmul.o)
    0x0800616a   0x0800616a   0x0000008c   Code   RO         3450    x$fpl$fnaninf       fz_ws.l(fnaninf.o)
    0x080061f6   0x080061f6   0x0000000a   Code   RO         3452    x$fpl$fretinf       fz_ws.l(fretinf.o)
    0x08006200   0x08006200   0x00000062   Code   RO         3418    x$fpl$frleqf        fz_ws.l(frleqf.o)
    0x08006262   0x08006262   0x00000002   PAD
    0x08006264   0x08006264   0x000000ea   Code   RO         3402    x$fpl$fsub          fz_ws.l(faddsub_clz.o)
    0x0800634e   0x0800634e   0x00000004   Code   RO         3420    x$fpl$printf1       fz_ws.l(printf1.o)
    0x08006352   0x08006352   0x00000064   Code   RO         3628    x$fpl$retnan        fz_ws.l(retnan.o)
    0x080063b6   0x080063b6   0x0000005c   Code   RO         3554    x$fpl$scalbn        fz_ws.l(scalbn.o)
    0x08006412   0x08006412   0x00000030   Code   RO         3641    x$fpl$trapveneer    fz_ws.l(trapv.o)
    0x08006442   0x08006442   0x00000000   Code   RO         3454    x$fpl$usenofp       fz_ws.l(usenofp.o)
    0x08006442   0x08006442   0x00000002   PAD
    0x08006444   0x08006444   0x000019e0   Data   RO         3148    .constdata          gui.o
    0x08007e24   0x08007e24   0x00000004   PAD
    0x08007e28   0x08007e28   0x00000030   Data   RO         3456    .constdata          m_ws.l(cos_i.o)
    0x08007e58   0x08007e58   0x000000c8   Data   RO         3474    .constdata          m_ws.l(rred.o)
    0x08007f20   0x08007f20   0x00000028   Data   RO         3478    .constdata          m_ws.l(sin_i.o)
    0x08007f48   0x08007f48   0x00000094   Data   RO         3515    .constdata          c_w.l(bigflt0.o)
    0x08007fdc   0x08007fdc   0x00000020   Data   RO         3701    Region$$Table       anon$$obj.o
    0x08007ffc   0x08007ffc   0x0000001c   Data   RO         3543    locale$$data        c_w.l(lc_numeric_c.o)


    Execution Region RW_IRAM1 (Exec base: 0x20000000, Load base: 0x08008018, Size: 0x00000ca0, Max: 0x0000c000, ABSOLUTE)

    Exec Addr    Load Addr    Size         Type   Attr      Idx    E Section Name        Object

    0x20000000   0x08008018   0x00000014   Data   RW         1087    .data               stm32f10x_rcc.o
    0x20000014   0x0800802c   0x00000004   Data   RW         2460    .data               delay.o
    0x20000018   0x08008030   0x00000050   Data   RW         2501    .data               main.o
    0x20000068   0x08008080   0x00000006   Data   RW         2648    .data               usart.o
    0x2000006e   0x08008086   0x0000000a   Data   RW         2725    .data               tasktimer.o
    0x20000078   0x08008090   0x00000018   Data   RW         3099    .data               pidcontrolspwm.o
    0x20000090   0x080080a8   0x00000014   Data   RW         3297    .data               system_stm32f10x.o
    0x200000a4        -       0x000000c8   Zero   RW         2647    .bss                usart.o
    0x2000016c        -       0x000004ce   Zero   RW         3098    .bss                pidcontrolspwm.o
    0x2000063a   0x080080bc   0x00000002   PAD
    0x2000063c        -       0x00000060   Zero   RW         3561    .bss                c_w.l(libspace.o)
    0x2000069c   0x080080bc   0x00000004   PAD
    0x200006a0        -       0x00000200   Zero   RW         3328    HEAP                startup_stm32f10x_hd.o
    0x200008a0        -       0x00000400   Zero   RW         3327    STACK               startup_stm32f10x_hd.o


==============================================================================

Image component sizes


      Code (inc. data)   RO Data    RW Data    ZI Data      Debug   Object Name

       404         36          0          0          0       2368   commongpio.o
       732         68          0          0          0       5391   currentsensoradc.o
       220         26          0          4          0       1835   delay.o
       296         16          0          0          0        819   encoder.o
       644         24       6624          0          0       4222   gui.o
      1644        202          0          0          0      11350   i2cequipment.o
      1434        202          0          0          0       7501   lcddisplay.o
      3356        430          0         80          0       8335   main.o
       172         22          0          0          0     266829   misc.o
      1976        156          0         24       1230       5417   pidcontrolspwm.o
       312         16          0          0          0        840   pwmtimer.o
        32          6          0          0          0        576   serialportnetwork.o
        64         26        304          0       1536        840   startup_stm32f10x_hd.o
       394         10          0          0          0       8549   stm32f10x_adc.o
       160         12          0          0          0       1717   stm32f10x_exti.o
       350          4          0          0          0       3942   stm32f10x_gpio.o
        26          0          0          0          0       4370   stm32f10x_it.o
       364         50          0         20          0       6551   stm32f10x_rcc.o
       948         82          0          0          0      11800   stm32f10x_tim.o
       564         28          0          0          0       5965   stm32f10x_usart.o
         0          0          0          0          0         32   sys.o
       328         28          0         20          0       2565   system_stm32f10x.o
       228         34          0         10          0       1977   tasktimer.o
       336         28          0          6        200       4472   usart.o

    ----------------------------------------------------------------------
     15016       1506       6964        164       2968     368263   Object Totals
         0          0         32          0          0          0   (incl. Generated)
        32          0          4          0          2          0   (incl. Padding)

    ----------------------------------------------------------------------

      Code (inc. data)   RO Data    RW Data    ZI Data      Debug   Library Member Name

         8          0          0          0          0         68   __main.o
       104          0          0          0          0         84   __printf.o
         0          0          0          0          0          0   __rtentry.o
        12          0          0          0          0          0   __rtentry2.o
         6          0          0          0          0          0   __rtentry4.o
        52          8          0          0          0          0   __scatter.o
        26          0          0          0          0          0   __scatter_copy.o
        28          0          0          0          0          0   __scatter_zi.o
        48          6          0          0          0         96   _printf_char_common.o
        36          4          0          0          0         80   _printf_char_file.o
         6          0          0          0          0          0   _printf_f.o
      1054          0          0          0          0        216   _printf_fp_dec.o
       128         16          0          0          0         84   _printf_fp_infnan.o
         0          0          0          0          0          0   _printf_percent.o
         4          0          0          0          0          0   _printf_percent_end.o
        22          0          0          0          0        100   _rserrno.o
        10          0          0          0          0         68   _sputc.o
       228          4        148          0          0         96   bigflt0.o
      1936        128          0          0          0        672   btod.o
        18          0          0          0          0         80   exit.o
         8          0          0          0          0         68   ferror.o
         6          0          0          0          0        152   heapauxi.o
        44         10         28          0          0         76   lc_numeric_c.o
         2          0          0          0          0          0   libinit.o
        18          0          0          0          0          0   libinit2.o
         2          0          0          0          0          0   libshutdown.o
         2          0          0          0          0          0   libshutdown2.o
         8          4          0          0         96         68   libspace.o
       138          0          0          0          0         80   lludiv10.o
        24          4          0          0          0         84   noretval__2printf.o
        40          6          0          0          0         84   noretval__2sprintf.o
         8          4          0          0          0         68   rt_errno_addr_intlibspace.o
         8          4          0          0          0         68   rt_locale_intlibspace.o
         2          0          0          0          0          0   rtexit.o
        10          0          0          0          0          0   rtexit2.o
       128          0          0          0          0         68   strcmpv7m.o
        74          0          0          0          0         80   sys_stackheap_outer.o
         2          0          0          0          0         68   use_no_semi.o
         2          0          0          0          0         68   use_no_semi_2.o
        98          4          0          0          0         92   d2f.o
       826         16          0          0          0        348   daddsub_clz.o
        16          4          0          0          0         68   dcheck1.o
       688        140          0          0          0        208   ddiv.o
        94          4          0          0          0         92   dfix.o
        90          4          0          0          0         92   dfixu.o
        84          0          0          0          0        136   dflt_clz.o
       340         12          0          0          0        104   dmul.o
       156          4          0          0          0         92   dnaninf.o
        12          0          0          0          0         68   dretinf.o
        86          4          0          0          0         84   f2d.o
       430          8          0          0          0        168   faddsub_clz.o
        24          0          0          0          0         68   fcmpi.o
       388         76          0          0          0         96   fdiv.o
        86          0          0          0          0        136   fflt_clz.o
       104          4          0          0          0         84   fleqf.o
       258          4          0          0          0         84   fmul.o
       140          4          0          0          0         84   fnaninf.o
        10          0          0          0          0         68   fretinf.o
        98          0          0          0          0         68   frleqf.o
         4          0          0          0          0         68   printf1.o
       100          0          0          0          0         68   retnan.o
        92          0          0          0          0         68   scalbn.o
        48          0          0          0          0         68   trapv.o
         0          0          0          0          0          0   usenofp.o
       252         22         48          0          0        124   cos_i.o
        34          6          0          0          0        204   dunder.o
        40          0          0          0          0         68   fpclassify.o
       170          0          0          0          0         96   poly.o
       904         76        200          0          0        140   rred.o
       160         10          0          0          0        108   sin.o
       236         12         40          0          0        128   sin_i.o

    ----------------------------------------------------------------------
     10348        612        464          0        100       6056   Library Totals
        28          0          0          0          4          0   (incl. Padding)

    ----------------------------------------------------------------------

      Code (inc. data)   RO Data    RW Data    ZI Data      Debug   Library Name

      4252        198        176          0         96       2676   c_w.l
      4272        288          0          0          0       2512   fz_ws.l
      1796        126        288          0          0        868   m_ws.l

    ----------------------------------------------------------------------
     10348        612        464          0        100       6056   Library Totals

    ----------------------------------------------------------------------

==============================================================================


      Code (inc. data)   RO Data    RW Data    ZI Data      Debug   

     25364       2118       7428        164       3068     364279   Grand Totals
     25364       2118       7428        164       3068     364279   ELF Image Totals
     25364       2118       7428        164          0          0   ROM Totals

==============================================================================

    Total RO  Size (Code + RO Data)                32792 (  32.02kB)
    Total RW  Size (RW Data + ZI Data)              3232 (   3.16kB)
    Total ROM Size (Code + RO Data + RW Data)      32956 (  32.18kB)

==============================================================================

