<html>
<body>
<pre>
<h1>礦ision Build Log</h1>
<h2>Tool Versions:</h2>
IDE-Version: μVision V5.26.2.0
Copyright (C) 2018 ARM Ltd and ARM Germany GmbH. All rights reserved.
License Information: 1 1, 1, LIC=EXJT4-F7HTJ-63BMB-2AF5F-82HWN-G4LAL
 
Tool Versions:
Toolchain:       MDK-ARM Plus  Version: 5.26.2.0
Toolchain Path:  C:\Program Files (x86)\Spring Program Files(x86)\MDK4 and MDK5\ARM\ARM\ARMCC\Bin
C Compiler:      Armcc.exe V5.06 update 6 (build 750)
Assembler:       Armasm.exe V5.06 update 6 (build 750)
Linker/Locator:  ArmLink.exe V5.06 update 6 (build 750)
Library Manager: ArmAr.exe V5.06 update 6 (build 750)
Hex Converter:   FromElf.exe V5.06 update 6 (build 750)
CPU DLL:         SARMCM3.DLL V5.26.2.0
Dialog DLL:      DCM.DLL V1.17.2.0
Target DLL:      STLink\ST-LINKIII-KEIL_SWO.dll V3.0.5.0
Dialog DLL:      TCM.DLL V1.36.1.0
 
<h2>Project:</h2>
E:\Personal\大三比赛玩一玩\生物学院的一个东西\Project\ZhangXue_Keil5\Keil20200912V2(温度传感器)\USER\ZhangXue.uvprojx
Project File Date:  09/07/2020

<h2>Output:</h2>
*** Using Compiler 'V5.06 update 6 (build 750)', folder: 'C:\Program Files (x86)\Spring Program Files(x86)\MDK4 and MDK5\ARM\ARM\ARMCC\Bin'
Rebuild target 'ZhangXue'
compiling misc.c...
compiling stm32f10x_exti.c...
compiling stm32f10x_i2c.c...
compiling stm32f10x_gpio.c...
compiling stm32f10x_adc.c...
compiling stm32f10x_fsmc.c...
compiling stm32f10x_flash.c...
compiling stm32f10x_sdio.c...
compiling stm32f10x_iwdg.c...
compiling stm32f10x_rtc.c...
compiling stm32f10x_usart.c...
compiling stm32f10x_rcc.c...
compiling stm32f10x_spi.c...
compiling stm32f10x_tim.c...
compiling stm32f10x_wwdg.c...
compiling delay.c...
compiling PwmTimer.c...
compiling usart.c...
compiling Encoder.c...
compiling main.c...
main.c(298): warning:  #167-D: argument of type "char *" is incompatible with parameter of type "u8 *"
  			Gui_DrawFont_GBK16(110,70,BLUE,YELLOW,TempStrL);
main.c(299): warning:  #167-D: argument of type "char *" is incompatible with parameter of type "u8 *"
  			Gui_DrawFont_GBK16(225,70,BLUE,YELLOW,TempStrR);
main.c: 2 warnings, 0 errors
compiling sys.c...
compiling TaskTimer.c...
compiling LcdDisplay.c...
compiling CurrentSensorADC.c...
compiling CommonGPIO.c...
compiling SerialPortNetwork.c...
compiling I2CEquipment.c...
compiling PIDcontrolSPWM.c...
assembling startup_stm32f10x_hd.s...
compiling core_cm3.c...
compiling GUI.c...
compiling stm32f10x_it.c...
compiling system_stm32f10x.c...
linking...
Program Size: Code=25364 RO-data=7428 RW-data=164 ZI-data=3068  
FromELF: creating hex file...
"..\OBJ\ZhangXue.axf" - 0 Error(s), 2 Warning(s).

<h2>Software Packages used:</h2>

Package Vendor: Keil
                http://www.keil.com/pack/Keil.STM32F1xx_DFP.2.3.0.pack
                Keil.STM32F1xx_DFP.2.3.0
                STMicroelectronics STM32F1 Series Device Support, Drivers and Examples

<h2>Collection of Component include folders:</h2>
  .\RTE\_ZhangXue
  C:\Program Files (x86)\Spring Program Files(x86)\MDK4 and MDK5\ARM\Keil\STM32F1xx_DFP\2.3.0\Device\Include

<h2>Collection of Component Files used:</h2>
Build Time Elapsed:  00:00:04
</pre>
</body>
</html>
